Archive member included to satisfy reference by file (symbol)

c:/program files (x86)/gnu tools arm embedded/7 2018-q2-update/bin/../lib/gcc/arm-none-eabi/7.3.1/thumb/v7e-m\libgcc.a(_arm_addsubdf3.o)
                              ./printf/printf.o (__aeabi_dsub)
c:/program files (x86)/gnu tools arm embedded/7 2018-q2-update/bin/../lib/gcc/arm-none-eabi/7.3.1/thumb/v7e-m\libgcc.a(_arm_muldivdf3.o)
                              ./printf/printf.o (__aeabi_dmul)
c:/program files (x86)/gnu tools arm embedded/7 2018-q2-update/bin/../lib/gcc/arm-none-eabi/7.3.1/thumb/v7e-m\libgcc.a(_arm_cmpdf2.o)
                              ./printf/printf.o (__aeabi_dcmpeq)
c:/program files (x86)/gnu tools arm embedded/7 2018-q2-update/bin/../lib/gcc/arm-none-eabi/7.3.1/thumb/v7e-m\libgcc.a(_arm_fixdfsi.o)
                              ./printf/printf.o (__aeabi_d2iz)
c:/program files (x86)/gnu tools arm embedded/7 2018-q2-update/bin/../lib/gcc/arm-none-eabi/7.3.1/thumb/v7e-m\libgcc.a(_arm_fixunsdfsi.o)
                              ./printf/printf.o (__aeabi_d2uiz)
c:/program files (x86)/gnu tools arm embedded/7 2018-q2-update/bin/../lib/gcc/arm-none-eabi/7.3.1/thumb/v7e-m\libgcc.a(_arm_addsubsf3.o)
                              ./Driver/Source/DRV_I2C.o (__aeabi_ui2f)
c:/program files (x86)/gnu tools arm embedded/7 2018-q2-update/bin/../lib/gcc/arm-none-eabi/7.3.1/thumb/v7e-m\libgcc.a(_arm_muldivsf3.o)
                              ./Driver/Source/DRV_I2C.o (__aeabi_fmul)
c:/program files (x86)/gnu tools arm embedded/7 2018-q2-update/bin/../lib/gcc/arm-none-eabi/7.3.1/thumb/v7e-m\libgcc.a(_arm_fixunssfsi.o)
                              ./Driver/Source/DRV_I2C.o (__aeabi_f2uiz)
c:/program files (x86)/gnu tools arm embedded/7 2018-q2-update/bin/../lib/gcc/arm-none-eabi/7.3.1/thumb/v7e-m\libgcc.a(_aeabi_ldivmod.o)
                              ./applib/timex.o (__aeabi_ldivmod)
c:/program files (x86)/gnu tools arm embedded/7 2018-q2-update/bin/../lib/gcc/arm-none-eabi/7.3.1/thumb/v7e-m\libgcc.a(_aeabi_uldivmod.o)
                              ./printf/printf.o (__aeabi_uldivmod)
c:/program files (x86)/gnu tools arm embedded/7 2018-q2-update/bin/../lib/gcc/arm-none-eabi/7.3.1/thumb/v7e-m\libgcc.a(_udivmoddi4.o)
                              c:/program files (x86)/gnu tools arm embedded/7 2018-q2-update/bin/../lib/gcc/arm-none-eabi/7.3.1/thumb/v7e-m\libgcc.a(_aeabi_ldivmod.o) (__udivmoddi4)
c:/program files (x86)/gnu tools arm embedded/7 2018-q2-update/bin/../lib/gcc/arm-none-eabi/7.3.1/thumb/v7e-m\libgcc.a(unwind-arm.o)
                              ./serial/serial.o (__aeabi_unwind_cpp_pr0)
c:/program files (x86)/gnu tools arm embedded/7 2018-q2-update/bin/../lib/gcc/arm-none-eabi/7.3.1/thumb/v7e-m\libgcc.a(libunwind.o)
                              c:/program files (x86)/gnu tools arm embedded/7 2018-q2-update/bin/../lib/gcc/arm-none-eabi/7.3.1/thumb/v7e-m\libgcc.a(unwind-arm.o) (restore_core_regs)
c:/program files (x86)/gnu tools arm embedded/7 2018-q2-update/bin/../lib/gcc/arm-none-eabi/7.3.1/thumb/v7e-m\libgcc.a(pr-support.o)
                              c:/program files (x86)/gnu tools arm embedded/7 2018-q2-update/bin/../lib/gcc/arm-none-eabi/7.3.1/thumb/v7e-m\libgcc.a(unwind-arm.o) (__gnu_unwind_execute)
c:/program files (x86)/gnu tools arm embedded/7 2018-q2-update/bin/../lib/gcc/arm-none-eabi/7.3.1/thumb/v7e-m\libgcc.a(_dvmd_tls.o)
                              c:/program files (x86)/gnu tools arm embedded/7 2018-q2-update/bin/../lib/gcc/arm-none-eabi/7.3.1/thumb/v7e-m\libgcc.a(_aeabi_ldivmod.o) (__aeabi_ldiv0)
c:/program files (x86)/gnu tools arm embedded/7 2018-q2-update/bin/../lib/gcc/arm-none-eabi/7.3.1/../../../../arm-none-eabi/lib/thumb/v7e-m\libg_nano.a(lib_a-abort.o)
                              c:/program files (x86)/gnu tools arm embedded/7 2018-q2-update/bin/../lib/gcc/arm-none-eabi/7.3.1/thumb/v7e-m\libgcc.a(unwind-arm.o) (abort)
c:/program files (x86)/gnu tools arm embedded/7 2018-q2-update/bin/../lib/gcc/arm-none-eabi/7.3.1/../../../../arm-none-eabi/lib/thumb/v7e-m\libg_nano.a(lib_a-atoi.o)
                              ./miniconsole/mini_console.o (atoi)
c:/program files (x86)/gnu tools arm embedded/7 2018-q2-update/bin/../lib/gcc/arm-none-eabi/7.3.1/../../../../arm-none-eabi/lib/thumb/v7e-m\libg_nano.a(lib_a-ctime_r.o)
                              ./miniconsole/mini_console.o (ctime_r)
c:/program files (x86)/gnu tools arm embedded/7 2018-q2-update/bin/../lib/gcc/arm-none-eabi/7.3.1/../../../../arm-none-eabi/lib/thumb/v7e-m\libg_nano.a(lib_a-impure.o)
                              ./FreeRTOS/FreeRTOS/portable/MemMang/heap_useNewlib.o (_impure_ptr)
c:/program files (x86)/gnu tools arm embedded/7 2018-q2-update/bin/../lib/gcc/arm-none-eabi/7.3.1/../../../../arm-none-eabi/lib/thumb/v7e-m\libg_nano.a(lib_a-lcltime_r.o)
[...]
Memory Configuration

Name             Origin             Length             Attributes
UNCACHED         0x08e00200         0x00000400         xr
FLASH            0x18e00600         0x000fea00         xr
GPM_RAM          0x0c0e0000         0x00010000         xrw
RESERVED         0x0c0f0000         0x00010000         xrw
MBOX4_MEM        0x0d02fa00         0x00000080         rw
MBOX5_MEM        0x0d02fa80         0x00000080         rw
MBOX11_MEM       0x0d02fd80         0x00000080         r
RAM              0x00020000         0x00020000         xrw
*default*        0x00000000         0xffffffff

Linker script and memory map

LOAD ./serial/serial.o
LOAD ./pwrmanager/src/fastlz.o
LOAD ./pwrmanager/src/hibernate.o
LOAD ./pwrmanager/src/mem_retain.o
LOAD ./pwrmanager/src/pwr_mngr.o
LOAD ./pwrmanager/src/sleep_mngr.o
LOAD ./pwrmanager/src/sleep_notify.o
LOAD ./printf/printf.o
LOAD ./osal/Source/freertos_osal.o
LOAD ./miniconsole/mini_console.o
LOAD ./hifc/mi/hifc_mi.o
LOAD ./hifc/core/hifc_api.o
LOAD ./example/i2c_mini_console.o
LOAD ./example/main.o
LOAD ./applib/applib.o
LOAD ./applib/backtrace.o
LOAD ./applib/fault_handler.o
LOAD ./applib/newlibPort.o
LOAD ./applib/reset.o
LOAD ./applib/timex.o
LOAD ./FreeRTOS/FreeRTOS/portable/MemMang/heap_useNewlib.o
LOAD ./FreeRTOS/FreeRTOS/portable/GCC/ARM_CM3/alt125x_tickless_sleep.o
LOAD ./FreeRTOS/FreeRTOS/portable/GCC/ARM_CM3/port.o
LOAD ./FreeRTOS/FreeRTOS/FreeRTOS-openocd.o
LOAD ./FreeRTOS/FreeRTOS/croutine.o
LOAD ./FreeRTOS/FreeRTOS/event_groups.o
LOAD ./FreeRTOS/FreeRTOS/list.o
LOAD ./FreeRTOS/FreeRTOS/queue.o
LOAD ./FreeRTOS/FreeRTOS/stream_buffer.o
LOAD ./FreeRTOS/FreeRTOS/tasks.o
LOAD ./FreeRTOS/FreeRTOS/timers.o
LOAD ./Driver/Source/Private/ALT1250/DRV_IF_CFG.o
LOAD ./Driver/Source/Private/ALT1250/DRV_IOSEL.o
LOAD ./Driver/Source/Private/DRV_32KTIMER.o
LOAD ./Driver/Source/Private/DRV_ATOMIC_COUNTER.o
LOAD ./Driver/Source/Private/DRV_CLOCK_GATING.o
LOAD ./Driver/Source/Private/DRV_GPIO_WAKEUP.o
LOAD ./Driver/Source/Private/DRV_PMP_AGENT.o
LOAD ./Driver/Source/Private/DRV_SB_ENABLE.o
LOAD ./Driver/Source/Private/DRV_SLEEP.o
LOAD ./Driver/Source/Private/sha256.o
LOAD ./Driver/Source/DRV_AUXADC.o
LOAD ./Driver/Source/DRV_CCM.o
LOAD ./Driver/Source/DRV_FLASH.o
LOAD ./Driver/Source/DRV_GDMA.o
LOAD ./Driver/Source/DRV_GPIO.o
LOAD ./Driver/Source/DRV_GPTIMER.o
LOAD ./Driver/Source/DRV_I2C.o
LOAD ./Driver/Source/DRV_IO.o
LOAD ./Driver/Source/DRV_LED.o
LOAD ./Driver/Source/DRV_OTP.o
LOAD ./Driver/Source/DRV_PM.o
LOAD ./Driver/Source/DRV_PWM_DAC.o
LOAD ./Driver/Source/DRV_SPI.o
LOAD ./Driver/Source/DRV_UART.o
LOAD ./Driver/Source/DRV_WATCHDOG.o
LOAD ./Chipset/Source/startup_ALT125x.o
LOAD ./Chipset/Source/system_ALT125x.o
LOAD ./CMSIS-FreeRTOS/Source/cmsis_os1.o
LOAD ./CMSIS-FreeRTOS/Source/cmsis_os2.o
LOAD ./CMSIS-FreeRTOS/Source/os_systick.o
START GROUP
LOAD c:/program files (x86)/gnu tools arm embedded/7 2018-q2-update/bin/../lib/gcc/arm-none-eabi/7.3.1/thumb/v7e-m\libgcc.a
LOAD c:/program files (x86)/gnu tools arm embedded/7 2018-q2-update/bin/../lib/gcc/arm-none-eabi/7.3.1/../../../../arm-none-eabi/lib/thumb/v7e-m\libg_nano.a
LOAD c:/program files (x86)/gnu tools arm embedded/7 2018-q2-update/bin/../lib/gcc/arm-none-eabi/7.3.1/../../../../arm-none-eabi/lib/thumb/v7e-m\libc_nano.a
END GROUP
START GROUP
LOAD c:/program files (x86)/gnu tools arm embedded/7 2018-q2-update/bin/../lib/gcc/arm-none-eabi/7.3.1/thumb/v7e-m\libgcc.a
LOAD c:/program files (x86)/gnu tools arm embedded/7 2018-q2-update/bin/../lib/gcc/arm-none-eabi/7.3.1/../../../../arm-none-eabi/lib/thumb/v7e-m\libc_nano.a
LOAD c:/program files (x86)/gnu tools arm embedded/7 2018-q2-update/bin/../lib/gcc/arm-none-eabi/7.3.1/../../../../arm-none-eabi/lib/thumb/v7e-m\libnosys.a
END GROUP
START GROUP
LOAD c:/program files (x86)/gnu tools arm embedded/7 2018-q2-update/bin/../lib/gcc/arm-none-eabi/7.3.1/thumb/v7e-m\libgcc.a
LOAD c:/program files (x86)/gnu tools arm embedded/7 2018-q2-update/bin/../lib/gcc/arm-none-eabi/7.3.1/../../../../arm-none-eabi/lib/thumb/v7e-m\libc_nano.a
LOAD c:/program files (x86)/gnu tools arm embedded/7 2018-q2-update/bin/../lib/gcc/arm-none-eabi/7.3.1/../../../../arm-none-eabi/lib/thumb/v7e-m\libnosys.a
END GROUP
                0x00e00000                __MCU_MTD_PARTITION_OFFSET__ = 0xe00000
                0x000ff000                __MCU_MTD_PARTITION_SIZE__ = 0xff000
                0x0c0e0000                __GPM_RAM_BASE__ = 0xc0e0000
                0x00020000                __GPM_RAM_SIZE__ = 0x20000
                0x00000400                __STACK_SIZE = 0x400
                0x08000000                __MCU_MTD_PARTITION_BASE__ = 0x8000000
                0x00000200                __HEADER_SIZE__ = 0x200
                0x00000400                __UNCACHED_SIZE__ = 0x400
                0x08e00200                __UNCACHED_ORIGIN__ = ((__MCU_MTD_PARTITION_BASE__ + __MCU_MTD_PARTITION_OFFSET__) + __HEADER_SIZE__)
                0x18e00600                __FLASH_ORIGIN__ = ((__UNCACHED_ORIGIN__ + __UNCACHED_SIZE__) + 0x10000000)
                0x00010000                __RESERVED_GPM_RAM_SIZE__ = DEFINED (__RESERVED_GPM_RAM_SIZE__)?__RESERVED_GPM_RAM_SIZE__:(__GPM_RAM_SIZE__ / 0x2)
                0x00000080                __MBOX_MEM_LENGTH__ = 0x80

.uncached       0x08e00200      0x328
                0x08e00200                __uncached_start__ = .
 *(.vectors)
 .vectors       0x08e00200      0x180 ./Chipset/Source/startup_ALT125x.o
                0x08e00200                __Vectors
                0x08e00380                __end__ = .
 *(.uncached*)
 .uncached      0x08e00380      0x16c ./Chipset/Source/startup_ALT125x.o
                0x08e00380                Reset_Handler
 *fill*         0x08e004ec        0x4 
 .uncached.__stub
                0x08e004f0       0x38 linker stubs
                0x08e00528                __uncached_end__ = .
                0x00000001                ASSERT ((LENGTH (UNCACHED) >= (__uncached_end__ - __uncached_start__)), UNCACHED memory overflowed)

.text           0x18e00600    0x1337c load address 0x08e00600
 *(.text*)
 .text.Get_Resource
                0x18e00600       0x14 ./serial/serial.o
 .text.Get_System_Clock
                0x18e00614        0xc ./serial/serial.o
 .text.Get_Ref_Clock
                0x18e00620        0x8 ./serial/serial.o
 .text.UART_EventCallback
                0x18e00628       0x30 ./serial/serial.o
 .text.serial_open
                0x18e00658       0xe8 ./serial/serial.o
                0x18e00658                serial_open
 .text.serial_read
                0x18e00740       0x6a ./serial/serial.o
                0x18e00740                serial_read
 *fill*         0x18e007aa        0x2 
 .text.dump_statistics
                0x18e007ac       0x84 ./serial/serial.o
                0x18e007ac                dump_statistics
 .text.fastlz1_compress
                0x18e00830      0x368 ./pwrmanager/src/fastlz.o
 .text.fastlz1_decompress
                0x18e00b98      0x144 ./pwrmanager/src/fastlz.o
 .text.fastlz_decompress_internal
                0x18e00cdc       0x20 ./pwrmanager/src/fastlz.o
                0x18e00cdc                fastlz_decompress_internal
 .text.fastlz_compress_level
                0x18e00cfc       0x26 ./pwrmanager/src/fastlz.o
                0x18e00cfc                fastlz_compress_level
 .text.ZeroFreeMem
                0x18e00d22       0x2c ./pwrmanager/src/hibernate.o
 .text.GetFreeStack
                0x18e00d4e       0x4e ./pwrmanager/src/hibernate.o
 .text.GetFreeList
                0x18e00d9c       0x14 ./pwrmanager/src/hibernate.o
 .text.DecompressPartial
                0x18e00db0       0x4c ./pwrmanager/src/hibernate.o
 .text.hibernate_to_flash
                0x18e00dfc       0x84 ./pwrmanager/src/hibernate.o
                0x18e00dfc                hibernate_to_flash
 .text.hibernate_from_flash
                0x18e00e80       0x40 ./pwrmanager/src/hibernate.o
                0x18e00e80                hibernate_from_flash
 .text.hibernate_prepare_flash_space
                0x18e00ec0      0x110 ./pwrmanager/src/hibernate.o
                0x18e00ec0                hibernate_prepare_flash_space
 .text.probe_flash_offset
                0x18e00fd0       0x60 ./pwrmanager/src/hibernate.o
                0x18e00fd0                probe_flash_offset
 .text.hibernate_to_gpm
                0x18e01030       0xc4 ./pwrmanager/src/hibernate.o
                0x18e01030                hibernate_to_gpm
 .text.hibernate_from_gpm
                0x18e010f4       0x18 ./pwrmanager/src/hibernate.o
                0x18e010f4                hibernate_from_gpm
 .text.pm_sleep_enable
                0x18e0110c       0x14 ./pwrmanager/src/pwr_mngr.o
 .text.pm_sleep_disable
                0x18e01120       0x18 ./pwrmanager/src/pwr_mngr.o
 .text.update_sleep_manager_counter
                0x18e01138       0x44 ./pwrmanager/src/pwr_mngr.o
 .text.pwr_check_uart_inactive_time
                0x18e0117c       0x4c ./pwrmanager/src/pwr_mngr.o
 .text.pm_conf_init
                0x18e011c8       0x54 ./pwrmanager/src/pwr_mngr.o
 .text.pwr_mngr_check_mon_gpio_busy
                0x18e0121c       0x5c ./pwrmanager/src/pwr_mngr.o
 .text.pwr_mngr_conf_get_sleep
                0x18e01278        0xc ./pwrmanager/src/pwr_mngr.o
                0x18e01278                pwr_mngr_conf_get_sleep
 .text.pwr_mngr_enable_sleep
                0x18e01284       0x40 ./pwrmanager/src/pwr_mngr.o
                0x18e01284                pwr_mngr_enable_sleep
 .text.pwr_mngr_conf_set_mode
                0x18e012c4       0x38 ./pwrmanager/src/pwr_mngr.o
                0x18e012c4                pwr_mngr_conf_set_mode
 .text.pwr_mngr_conf_get_settings
                0x18e012fc       0x24 ./pwrmanager/src/pwr_mngr.o
                0x18e012fc                pwr_mngr_conf_get_settings
 .text.pwr_mngr_pre_sleep_process
                0x18e01320       0x2c ./pwrmanager/src/pwr_mngr.o
                0x18e01320                pwr_mngr_pre_sleep_process
 .text.pwr_mngr_post_sleep_process
                0x18e0134c       0x28 ./pwrmanager/src/pwr_mngr.o
                0x18e0134c                pwr_mngr_post_sleep_process
 .text.pwr_mngr_refresh_uart_inactive_time
                0x18e01374       0x1c ./pwrmanager/src/pwr_mngr.o
                0x18e01374                pwr_mngr_refresh_uart_inactive_time
 .text.pwr_mngr_clr_prevent_sleep_cntr
                0x18e01390       0x14 ./pwrmanager/src/pwr_mngr.o
                0x18e01390                pwr_mngr_clr_prevent_sleep_cntr
 .text.pwr_mngr_check_allow2sleep
                0x18e013a4       0x8c ./pwrmanager/src/pwr_mngr.o
                0x18e013a4                pwr_mngr_check_allow2sleep
 .text.pwr_mngr_enter_sleep
                0x18e01430       0x88 ./pwrmanager/src/pwr_mngr.o
                0x18e01430                pwr_mngr_enter_sleep
 .text.pwr_mngr_init
                0x18e014b8       0x48 ./pwrmanager/src/pwr_mngr.o
                0x18e014b8                pwr_mngr_init
 .text.smngr_init
                0x18e01500       0x3c ./pwrmanager/src/sleep_mngr.o
                0x18e01500                smngr_init
 .text.smngr_is_dev_busy
                0x18e0153c       0x44 ./pwrmanager/src/sleep_mngr.o
                0x18e0153c                smngr_is_dev_busy
 .text.sleep_notify_init
                0x18e01580       0x58 ./pwrmanager/src/sleep_notify.o
                0x18e01580                sleep_notify_init
 .text.sleep_notify
                0x18e015d8       0x38 ./pwrmanager/src/sleep_notify.o
                0x18e015d8                sleep_notify
 .text._out_buffer
                0x18e01610        0x8 ./printf/printf.o
 .text._out_null
                0x18e01618        0x2 ./printf/printf.o
 .text._atoi    0x18e0161a       0x24 ./printf/printf.o
 .text._out_rev
                0x18e0163e       0x74 ./printf/printf.o
 .text._ntoa_format
                0x18e016b2      0x138 ./printf/printf.o
 .text._ntoa_long
                0x18e017ea       0x92 ./printf/printf.o
 .text._ntoa_long_long
                0x18e0187c       0xbc ./printf/printf.o
 .text._etoa    0x18e01938      0x3e8 ./printf/printf.o
 .text._ftoa    0x18e01d20      0x360 ./printf/printf.o
 .text._vsnprintf
                0x18e02080      0x6dc ./printf/printf.o
 .text._out_char
                0x18e0275c        0xc ./printf/printf.o
 .text.printf_  0x18e02768       0x2c ./printf/printf.o
                0x18e02768                printf_
 .text.sprintf_
                0x18e02794       0x2c ./printf/printf.o
                0x18e02794                sprintf_
 .text.snprintf_
                0x18e027c0       0x28 ./printf/printf.o
                0x18e027c0                snprintf_
 .text.alt_osal_timer_callback
                0x18e027e8       0x10 ./osal/Source/freertos_osal.o
 .text.alt_osal_irq_context
                0x18e027f8       0x2c ./osal/Source/freertos_osal.o
                0x18e027f8                alt_osal_irq_context
 .text.alt_osal_create_task
                0x18e02824       0xd8 ./osal/Source/freertos_osal.o
                0x18e02824                alt_osal_create_task
 .text.alt_osal_list_task
                0x18e028fc       0x12 ./osal/Source/freertos_osal.o
                0x18e028fc                alt_osal_list_task
 .text.alt_osal_create_mutex
                0x18e0290e       0xaa ./osal/Source/freertos_osal.o
                0x18e0290e                alt_osal_create_mutex
 .text.alt_osal_lock_mutex
                0x18e029b8       0xbc ./osal/Source/freertos_osal.o
                0x18e029b8                alt_osal_lock_mutex
 .text.alt_osal_unlock_mutex
                0x18e02a74       0x90 ./osal/Source/freertos_osal.o
                0x18e02a74                alt_osal_unlock_mutex
 .text.alt_osal_create_timer
                0x18e02b04       0xcc ./osal/Source/freertos_osal.o
                0x18e02b04                alt_osal_create_timer
 .text.alt_osal_start_timer
                0x18e02bd0       0x74 ./osal/Source/freertos_osal.o
                0x18e02bd0                alt_osal_start_timer
 .text.alt_osal_stop_timer
                0x18e02c44       0x80 ./osal/Source/freertos_osal.o
                0x18e02c44                alt_osal_stop_timer
 .text.alt_osal_clear_taskflag
                0x18e02cc4       0x5e ./osal/Source/freertos_osal.o
                0x18e02cc4                alt_osal_clear_taskflag
 *fill*         0x18e02d22        0x2 
 .text.alt_osal_set_taskflag
                0x18e02d24       0x88 ./osal/Source/freertos_osal.o
                0x18e02d24                alt_osal_set_taskflag
 .text.alt_osal_wait_taskflag
                0x18e02dac       0xa8 ./osal/Source/freertos_osal.o
                0x18e02dac                alt_osal_wait_taskflag
 .text.alt_osal_get_current_task_handle
                0x18e02e54        0x8 ./osal/Source/freertos_osal.o
                0x18e02e54                alt_osal_get_current_task_handle
 .text.alt_osal_enter_critital_section
                0x18e02e5c        0x8 ./osal/Source/freertos_osal.o
                0x18e02e5c                alt_osal_enter_critital_section
 .text.alt_osal_exit_critital_section
                0x18e02e64        0x8 ./osal/Source/freertos_osal.o
                0x18e02e64                alt_osal_exit_critital_section
 .text.alt_osal_get_tick_count
                0x18e02e6c       0x14 ./osal/Source/freertos_osal.o
                0x18e02e6c                alt_osal_get_tick_count
 .text.alt_osal_enter_critical
                0x18e02e80       0x26 ./osal/Source/freertos_osal.o
                0x18e02e80                alt_osal_enter_critical
 .text.alt_osal_exit_critical
                0x18e02ea6       0x16 ./osal/Source/freertos_osal.o
                0x18e02ea6                alt_osal_exit_critical
 .text.alt_osal_is_inside_interrupt
                0x18e02ebc        0xe ./osal/Source/freertos_osal.o
                0x18e02ebc                alt_osal_is_inside_interrupt
 .text.alt_osal_get_tasks_status
                0x18e02eca       0x60 ./osal/Source/freertos_osal.o
                0x18e02eca                alt_osal_get_tasks_status
 *fill*         0x18e02f2a        0x2 
 .text.do_ver   0x18e02f2c       0x1c ./miniconsole/mini_console.o
                0x18e02f2c                do_ver
 .text.do_mem_info
                0x18e02f48       0x34 ./miniconsole/mini_console.o
                0x18e02f48                do_mem_info
 .text.do_ps    0x18e02f7c       0x24 ./miniconsole/mini_console.o
                0x18e02f7c                do_ps
 .text.do_serialinfo
                0x18e02fa0       0x44 ./miniconsole/mini_console.o
                0x18e02fa0                do_serialinfo
 .text.hifc_print_stat
                0x18e02fe4      0x16c ./miniconsole/mini_console.o
 .text.do_hifc  0x18e03150       0xfc ./miniconsole/mini_console.o
                0x18e03150                do_hifc
 .text.do_time  0x18e0324c      0x160 ./miniconsole/mini_console.o
                0x18e0324c                do_time
 .text.do_reset
                0x18e033ac       0x18 ./miniconsole/mini_console.o
                0x18e033ac                do_reset
 .text.do_hibernate
                0x18e033c4       0xf0 ./miniconsole/mini_console.o
                0x18e033c4                do_hibernate
 .text.mini_console_ext
                0x18e034b4       0x50 ./miniconsole/mini_console.o
                0x18e034b4                mini_console_ext
 .text.mini_console
                0x18e03504        0xa ./miniconsole/mini_console.o
                0x18e03504                mini_console
 *fill*         0x18e0350e        0x2 
 .text.print_menu_header
                0x18e03510       0x30 ./miniconsole/mini_console.o
                0x18e03510                print_menu_header
 .text.print_help_menu
                0x18e03540       0x30 ./miniconsole/mini_console.o
                0x18e03540                print_help_menu
 .text.leagal_address
                0x18e03570       0x96 ./miniconsole/mini_console.o
                0x18e03570                leagal_address
 *fill*         0x18e03606        0x2 
 .text.do_read  0x18e03608       0x34 ./miniconsole/mini_console.o
                0x18e03608                do_read
 .text.do_write
                0x18e0363c       0x30 ./miniconsole/mini_console.o
                0x18e0363c                do_write
 .text.replace_line
                0x18e0366c       0x88 ./miniconsole/mini_console.o
                0x18e0366c                replace_line
 .text.serial_gets
                0x18e036f4      0x374 ./miniconsole/mini_console.o
                0x18e036f4                serial_gets
 .text.prvMiniConsoleTask
                0x18e03a68       0xd4 ./miniconsole/mini_console.o
 .text.hifc_mi_utx_set
                0x18e03b3c        0x2 ./hifc/mi/hifc_mi.o
                0x18e03b3c                hifc_mi_utx_set
 .text.hifc_mi_urx_init
                0x18e03b3e        0x2 ./hifc/mi/hifc_mi.o
                0x18e03b3e                hifc_mi_urx_init
 .text.hifc_mi_urx_isr_deinit
                0x18e03b40        0x2 ./hifc/mi/hifc_mi.o
                0x18e03b40                hifc_mi_urx_isr_deinit
 .text.hifc_mi_txrx_to_uart
                0x18e03b42        0x2 ./hifc/mi/hifc_mi.o
                0x18e03b42                hifc_mi_txrx_to_uart
 .text.hifc_mi_txrx_to_gpio
                0x18e03b44        0x2 ./hifc/mi/hifc_mi.o
                0x18e03b44                hifc_mi_txrx_to_gpio
 .text.hifc_mi_disableRts
                0x18e03b46        0x2 ./hifc/mi/hifc_mi.o
                0x18e03b46                hifc_mi_disableRts
 .text.hifc_mi_enableRts
                0x18e03b48        0x2 ./hifc/mi/hifc_mi.o
                0x18e03b48                hifc_mi_enableRts
 .text.hifc_mi_enableTxRx
                0x18e03b4a        0x2 ./hifc/mi/hifc_mi.o
                0x18e03b4a                hifc_mi_enableTxRx
 .text.hifc_mi_disableTxRx
                0x18e03b4c        0x2 ./hifc/mi/hifc_mi.o
                0x18e03b4c                hifc_mi_disableTxRx
 *fill*         0x18e03b4e        0x2 
 .text.MAILBOX_IRQHandler
                0x18e03b50       0x18 ./hifc/mi/hifc_mi.o
                0x18e03b50                MAILBOX_IRQHandler
 .text.hifc_mi_h2m_set
                0x18e03b68       0x2c ./hifc/mi/hifc_mi.o
                0x18e03b68                hifc_mi_h2m_set
 .text.hifc_mi_m2h_init
                0x18e03b94       0x28 ./hifc/mi/hifc_mi.o
                0x18e03b94                hifc_mi_m2h_init
 .text.hifc_mi_m2h_isr_deinit
                0x18e03bbc        0xa ./hifc/mi/hifc_mi.o
                0x18e03bbc                hifc_mi_m2h_isr_deinit
 .text.hifc_mi_is_tx_empty
                0x18e03bc6        0x8 ./hifc/mi/hifc_mi.o
                0x18e03bc6                hifc_mi_is_tx_empty
 .text.enable_TxDataRegEmptyInterrupt
                0x18e03bce        0x2 ./hifc/mi/hifc_mi.o
                0x18e03bce                enable_TxDataRegEmptyInterrupt
 .text.is_hwflow_on
                0x18e03bd0        0x6 ./hifc/mi/hifc_mi.o
                0x18e03bd0                is_hwflow_on
 .text.get_pin_value
                0x18e03bd6       0x20 ./hifc/mi/hifc_mi.o
                0x18e03bd6                get_pin_value
 *fill*         0x18e03bf6        0x2 
 .text.init_mi  0x18e03bf8       0x84 ./hifc/mi/hifc_mi.o
                0x18e03bf8                init_mi
 .text.set_if_state
                0x18e03c7c        0xc ./hifc/core/hifc_api.o
 .text.hifc_get_host_interface_state
                0x18e03c88        0xc ./hifc/core/hifc_api.o
 .text.hifc_set_host_interface_state
                0x18e03c94        0xc ./hifc/core/hifc_api.o
 .text.get_hifc_mode
                0x18e03ca0        0xc ./hifc/core/hifc_api.o
 .text.get_reset_timer_period
                0x18e03cac       0x2c ./hifc/core/hifc_api.o
 .text.hifc_host_interface_init
                0x18e03cd8       0xd0 ./hifc/core/hifc_api.o
                0x18e03cd8                hifc_host_interface_init
 .text.get_if_state
                0x18e03da8        0xc ./hifc/core/hifc_api.o
                0x18e03da8                get_if_state
 .text.isHifcPort
                0x18e03db4       0x28 ./hifc/core/hifc_api.o
                0x18e03db4                isHifcPort
 .text.clear_hifc_status_report
                0x18e03ddc       0x1c ./hifc/core/hifc_api.o
                0x18e03ddc                clear_hifc_status_report
 .text.get_hifc_status_report
                0x18e03df8       0x88 ./hifc/core/hifc_api.o
                0x18e03df8                get_hifc_status_report
 .text.generic_reset_inactivity_timer
                0x18e03e80       0x64 ./hifc/core/hifc_api.o
                0x18e03e80                generic_reset_inactivity_timer
 .text.hifc_cmode_resume_time_isr
                0x18e03ee4       0x20 ./hifc/core/hifc_api.o
                0x18e03ee4                hifc_cmode_resume_time_isr
 .text.hifc_host_resume_sm
                0x18e03f04      0x130 ./hifc/core/hifc_api.o
 .text.hifc_host_resume
                0x18e04034       0x48 ./hifc/core/hifc_api.o
 .text.force_host_resume
                0x18e0407c       0x34 ./hifc/core/hifc_api.o
                0x18e0407c                force_host_resume
 .text.hifc_modem_resume_sm
                0x18e040b0       0xf4 ./hifc/core/hifc_api.o
 .text.hifc_host_suspend_sm
                0x18e041a4       0xf8 ./hifc/core/hifc_api.o
 .text.hifc_host_suspend
                0x18e0429c       0x40 ./hifc/core/hifc_api.o
 .text.hifc_protocol_timeout_isr
                0x18e042dc       0xc4 ./hifc/core/hifc_api.o
                0x18e042dc                hifc_protocol_timeout_isr
 .text.force_host_suspend
                0x18e043a0       0x4c ./hifc/core/hifc_api.o
                0x18e043a0                force_host_suspend
 .text.hifc_urx_level_change_callback
                0x18e043ec       0x44 ./hifc/core/hifc_api.o
 .text.hifc_m2h_level_change_callback
                0x18e04430       0x44 ./hifc/core/hifc_api.o
 .text.set_hifc_mode
                0x18e04474       0x40 ./hifc/core/hifc_api.o
                0x18e04474                set_hifc_mode
 .text.hifc_inactivity_timeout_isr
                0x18e044b4       0x70 ./hifc/core/hifc_api.o
                0x18e044b4                hifc_inactivity_timeout_isr
 .text.set_inactivity_timer
                0x18e04524       0x94 ./hifc/core/hifc_api.o
                0x18e04524                set_inactivity_timer
 .text.request_to_send
                0x18e045b8       0x48 ./hifc/core/hifc_api.o
                0x18e045b8                request_to_send
 .text.i2c_evtcb
                0x18e04600       0x2c ./example/i2c_mini_console.o
 .text.print_i2c_usage
                0x18e0462c       0x60 ./example/i2c_mini_console.o
                0x18e0462c                print_i2c_usage
 .text.do_i2c   0x18e0468c      0x998 ./example/i2c_mini_console.o
                0x18e0468c                do_i2c
 .text.main     0x18e05024        0xa ./example/main.o
                0x18e05024                main
 .text.common_platform_initialize
                0x18e0502e       0x14 ./applib/applib.o
 *fill*         0x18e05042        0x2 
 .text._start   0x18e05044       0x64 ./applib/applib.o
                0x18e05044                _start
 .text.bt_fn    0x18e050a8       0x58 ./applib/backtrace.o
                0x18e050a8                bt_fn
 .text.dump_backtrace
                0x18e05100       0x2c ./applib/backtrace.o
                0x18e05100                dump_backtrace
 .text.prvGetRegistersFromStack
                0x18e0512c      0x194 ./applib/fault_handler.o
                0x18e0512c                prvGetRegistersFromStack
 .text.HardFault_Handler
                0x18e052c0       0x1a ./applib/fault_handler.o
                0x18e052c0                HardFault_Handler
 *fill*         0x18e052da        0x2 
 .text.Default_Handler
                0x18e052dc       0x18 ./applib/fault_handler.o
                0x18e052dc                Default_Handler
 .text.portASSERT
                0x18e052f4        0x4 ./applib/fault_handler.o
                0x18e052f4                portASSERT
 .text.vApplicationMallocFailedHook
                0x18e052f8       0x18 ./applib/fault_handler.o
                0x18e052f8                vApplicationMallocFailedHook
 .text.vApplicationStackOverflowHook
                0x18e05310       0x18 ./applib/fault_handler.o
                0x18e05310                vApplicationStackOverflowHook
 .text.newlib_set_stdout_port
                0x18e05328       0x18 ./applib/newlibPort.o
                0x18e05328                newlib_set_stdout_port
 .text._putchar
                0x18e05340       0x18 ./applib/newlibPort.o
                0x18e05340                _putchar
 .text._write   0x18e05358       0x30 ./applib/newlibPort.o
                0x18e05358                _write
 .text.machine_reset
                0x18e05388       0x42 ./applib/reset.o
                0x18e05388                machine_reset
 *fill*         0x18e053ca        0x2 
 .text.update_system_time
                0x18e053cc       0x38 ./applib/timex.o
 .text.time     0x18e05404       0x38 ./applib/timex.o
                0x18e05404                time
 .text.stime    0x18e0543c       0x30 ./applib/timex.o
                0x18e0543c                stime
 .text.uptime   0x18e0546c       0x1c ./applib/timex.o
                0x18e0546c                uptime
 .text.vApplicationTickHook
                0x18e05488       0xe0 ./applib/timex.o
                0x18e05488                vApplicationTickHook
 .text.trace_tick_count
                0x18e05568       0xfc ./applib/timex.o
                0x18e05568                trace_tick_count
 .text._sbrk_r  0x18e05664       0x68 ./FreeRTOS/FreeRTOS/portable/MemMang/heap_useNewlib.o
                0x18e05664                _sbrk_r
 .text.__malloc_lock
                0x18e056cc       0x24 ./FreeRTOS/FreeRTOS/portable/MemMang/heap_useNewlib.o
                0x18e056cc                __malloc_lock
 .text.__malloc_unlock
                0x18e056f0        0x8 ./FreeRTOS/FreeRTOS/portable/MemMang/heap_useNewlib.o
                0x18e056f0                __malloc_unlock
 .text.__env_lock
                0x18e056f8        0x8 ./FreeRTOS/FreeRTOS/portable/MemMang/heap_useNewlib.o
                0x18e056f8                __env_lock
 .text.__env_unlock
                0x18e05700        0x8 ./FreeRTOS/FreeRTOS/portable/MemMang/heap_useNewlib.o
                0x18e05700                __env_unlock
 .text.newlib_malloc_fragmentation
                0x18e05708       0x84 ./FreeRTOS/FreeRTOS/portable/MemMang/heap_useNewlib.o
                0x18e05708                newlib_malloc_fragmentation
 .text.get_unused_heap_mem
                0x18e0578c       0x64 ./FreeRTOS/FreeRTOS/portable/MemMang/heap_useNewlib.o
                0x18e0578c                get_unused_heap_mem
 .text.pvPortMalloc
                0x18e057f0       0x14 ./FreeRTOS/FreeRTOS/portable/MemMang/heap_useNewlib.o
                0x18e057f0                pvPortMalloc
 .text.vPortFree
                0x18e05804        0xc ./FreeRTOS/FreeRTOS/portable/MemMang/heap_useNewlib.o
                0x18e05804                vPortFree
 .text.xPortGetFreeHeapSize
                0x18e05810       0x1c ./FreeRTOS/FreeRTOS/portable/MemMang/heap_useNewlib.o
                0x18e05810                xPortGetFreeHeapSize
 .text.vPortSuppressTicksAndSleep
                0x18e0582c      0x300 ./FreeRTOS/FreeRTOS/portable/GCC/ARM_CM3/alt125x_tickless_sleep.o
                0x18e0582c                vPortSuppressTicksAndSleep
 .text.vPortSetupTimerInterrupt
                0x18e05b2c       0x64 ./FreeRTOS/FreeRTOS/portable/GCC/ARM_CM3/alt125x_tickless_sleep.o
                0x18e05b2c                vPortSetupTimerInterrupt
 .text.prvPortStartFirstTask
                0x18e05b90       0x20 ./FreeRTOS/FreeRTOS/portable/GCC/ARM_CM3/port.o
 .text.prvTaskExitError
                0x18e05bb0       0x48 ./FreeRTOS/FreeRTOS/portable/GCC/ARM_CM3/port.o
 .text.pxPortInitialiseStack
                0x18e05bf8       0x24 ./FreeRTOS/FreeRTOS/portable/GCC/ARM_CM3/port.o
                0x18e05bf8                pxPortInitialiseStack
 *fill*         0x18e05c1c        0x4 
 .text.SVC_Handler
                0x18e05c20       0x24 ./FreeRTOS/FreeRTOS/portable/GCC/ARM_CM3/port.o
                0x18e05c20                SVC_Handler
 .text.vPortEnterCritical
                0x18e05c44       0x48 ./FreeRTOS/FreeRTOS/portable/GCC/ARM_CM3/port.o
                0x18e05c44                vPortEnterCritical
 .text.vPortExitCritical
                0x18e05c8c       0x30 ./FreeRTOS/FreeRTOS/portable/GCC/ARM_CM3/port.o
                0x18e05c8c                vPortExitCritical
 *fill*         0x18e05cbc        0x4 
 .text.PendSV_Handler
                0x18e05cc0       0x44 ./FreeRTOS/FreeRTOS/portable/GCC/ARM_CM3/port.o
                0x18e05cc0                PendSV_Handler
 .text.xPortSysTickHandler
                0x18e05d04       0x2c ./FreeRTOS/FreeRTOS/portable/GCC/ARM_CM3/port.o
                0x18e05d04                xPortSysTickHandler
 .text.xPortStartScheduler
                0x18e05d30       0xbc ./FreeRTOS/FreeRTOS/portable/GCC/ARM_CM3/port.o
                0x18e05d30                xPortStartScheduler
 .text.vPortValidateInterruptPriority
                0x18e05dec       0x64 ./FreeRTOS/FreeRTOS/portable/GCC/ARM_CM3/port.o
                0x18e05dec                vPortValidateInterruptPriority
 .text.vListInitialise
                0x18e05e50       0x16 ./FreeRTOS/FreeRTOS/list.o
                0x18e05e50                vListInitialise
 .text.vListInitialiseItem
                0x18e05e66        0x6 ./FreeRTOS/FreeRTOS/list.o
                0x18e05e66                vListInitialiseItem
 .text.vListInsertEnd
                0x18e05e6c       0x18 ./FreeRTOS/FreeRTOS/list.o
                0x18e05e6c                vListInsertEnd
 .text.vListInsert
                0x18e05e84       0x34 ./FreeRTOS/FreeRTOS/list.o
                0x18e05e84                vListInsert
 .text.uxListRemove
                0x18e05eb8       0x28 ./FreeRTOS/FreeRTOS/list.o
                0x18e05eb8                uxListRemove
 .text.prvGetDisinheritPriorityAfterTimeout
                0x18e05ee0       0x12 ./FreeRTOS/FreeRTOS/queue.o
 .text.prvIsQueueFull
                0x18e05ef2       0x1e ./FreeRTOS/FreeRTOS/queue.o
 .text.prvIsQueueEmpty
                0x18e05f10       0x1a ./FreeRTOS/FreeRTOS/queue.o
 .text.prvCopyDataToQueue
                0x18e05f2a       0x76 ./FreeRTOS/FreeRTOS/queue.o
 .text.prvCopyDataFromQueue
                0x18e05fa0       0x24 ./FreeRTOS/FreeRTOS/queue.o
 .text.prvUnlockQueue
                0x18e05fc4       0x6e ./FreeRTOS/FreeRTOS/queue.o
 *fill*         0x18e06032        0x2 
 .text.xQueueGenericReset
                0x18e06034       0x88 ./FreeRTOS/FreeRTOS/queue.o
                0x18e06034                xQueueGenericReset
 .text.prvInitialiseNewQueue
                0x18e060bc       0x22 ./FreeRTOS/FreeRTOS/queue.o
 *fill*         0x18e060de        0x2 
 .text.xQueueGenericCreateStatic
                0x18e060e0       0x98 ./FreeRTOS/FreeRTOS/queue.o
                0x18e060e0                xQueueGenericCreateStatic
 .text.xQueueGenericCreate
                0x18e06178       0x80 ./FreeRTOS/FreeRTOS/queue.o
                0x18e06178                xQueueGenericCreate
 .text.xQueueCreateCountingSemaphoreStatic
                0x18e061f8       0x50 ./FreeRTOS/FreeRTOS/queue.o
                0x18e061f8                xQueueCreateCountingSemaphoreStatic
 .text.xQueueCreateCountingSemaphore
                0x18e06248       0x44 ./FreeRTOS/FreeRTOS/queue.o
                0x18e06248                xQueueCreateCountingSemaphore
 .text.xQueueGenericSend
                0x18e0628c      0x184 ./FreeRTOS/FreeRTOS/queue.o
                0x18e0628c                xQueueGenericSend
 .text.prvInitialiseMutex
                0x18e06410       0x18 ./FreeRTOS/FreeRTOS/queue.o
 .text.xQueueCreateMutex
                0x18e06428       0x16 ./FreeRTOS/FreeRTOS/queue.o
                0x18e06428                xQueueCreateMutex
 .text.xQueueCreateMutexStatic
                0x18e0643e       0x1e ./FreeRTOS/FreeRTOS/queue.o
                0x18e0643e                xQueueCreateMutexStatic
 .text.xQueueGiveMutexRecursive
                0x18e0645c       0x44 ./FreeRTOS/FreeRTOS/queue.o
                0x18e0645c                xQueueGiveMutexRecursive
 .text.xQueueGenericSendFromISR
                0x18e064a0       0xec ./FreeRTOS/FreeRTOS/queue.o
                0x18e064a0                xQueueGenericSendFromISR
 .text.xQueueGiveFromISR
                0x18e0658c       0xcc ./FreeRTOS/FreeRTOS/queue.o
                0x18e0658c                xQueueGiveFromISR
 .text.xQueueReceive
                0x18e06658      0x160 ./FreeRTOS/FreeRTOS/queue.o
                0x18e06658                xQueueReceive
 .text.xQueueSemaphoreTake
                0x18e067b8      0x1a8 ./FreeRTOS/FreeRTOS/queue.o
                0x18e067b8                xQueueSemaphoreTake
 .text.xQueueTakeMutexRecursive
                0x18e06960       0x48 ./FreeRTOS/FreeRTOS/queue.o
                0x18e06960                xQueueTakeMutexRecursive
 .text.xQueueReceiveFromISR
                0x18e069a8       0xc4 ./FreeRTOS/FreeRTOS/queue.o
                0x18e069a8                xQueueReceiveFromISR
 .text.vQueueAddToRegistry
                0x18e06a6c       0x28 ./FreeRTOS/FreeRTOS/queue.o
                0x18e06a6c                vQueueAddToRegistry
 .text.vQueueUnregisterQueue
                0x18e06a94       0x2c ./FreeRTOS/FreeRTOS/queue.o
                0x18e06a94                vQueueUnregisterQueue
 .text.vQueueDelete
                0x18e06ac0       0x30 ./FreeRTOS/FreeRTOS/queue.o
                0x18e06ac0                vQueueDelete
 .text.vQueueWaitForMessageRestricted
                0x18e06af0       0x52 ./FreeRTOS/FreeRTOS/queue.o
                0x18e06af0                vQueueWaitForMessageRestricted
 *fill*         0x18e06b42        0x2 
 .text.prvGetExpectedIdleTime
                0x18e06b44       0x4c ./FreeRTOS/FreeRTOS/tasks.o
 .text.prvTaskCheckFreeStackSpace
                0x18e06b90       0x14 ./FreeRTOS/FreeRTOS/tasks.o
 .text.prvResetNextTaskUnblockTime
                0x18e06ba4       0x28 ./FreeRTOS/FreeRTOS/tasks.o
 .text.prvInitialiseNewTask
                0x18e06bcc      0x10a ./FreeRTOS/FreeRTOS/tasks.o
 *fill*         0x18e06cd6        0x2 
 .text.prvInitialiseTaskLists
                0x18e06cd8       0x68 ./FreeRTOS/FreeRTOS/tasks.o
 .text.prvAddNewTaskToReadyList
                0x18e06d40       0xac ./FreeRTOS/FreeRTOS/tasks.o
 .text.prvDeleteTCB
                0x18e06dec       0x48 ./FreeRTOS/FreeRTOS/tasks.o
 .text.prvCheckTasksWaitingTermination
                0x18e06e34       0x4c ./FreeRTOS/FreeRTOS/tasks.o
 .text.prvAddCurrentTaskToDelayedList
                0x18e06e80       0x7c ./FreeRTOS/FreeRTOS/tasks.o
 .text.prvWriteNameToBuffer
                0x18e06efc       0x22 ./FreeRTOS/FreeRTOS/tasks.o
 *fill*         0x18e06f1e        0x2 
 .text.xTaskCreateStatic
                0x18e06f20       0x7c ./FreeRTOS/FreeRTOS/tasks.o
                0x18e06f20                xTaskCreateStatic
 .text.xTaskCreate
                0x18e06f9c       0x68 ./FreeRTOS/FreeRTOS/tasks.o
                0x18e06f9c                xTaskCreate
 .text.eTaskGetState
                0x18e07004       0xa0 ./FreeRTOS/FreeRTOS/tasks.o
                0x18e07004                eTaskGetState
 .text.vTaskStartScheduler
                0x18e070a4       0xa8 ./FreeRTOS/FreeRTOS/tasks.o
                0x18e070a4                vTaskStartScheduler
 .text.vTaskSuspendAll
                0x18e0714c       0x10 ./FreeRTOS/FreeRTOS/tasks.o
                0x18e0714c                vTaskSuspendAll
 .text.xTaskGetTickCount
                0x18e0715c        0xc ./FreeRTOS/FreeRTOS/tasks.o
                0x18e0715c                xTaskGetTickCount
 .text.xTaskGetTickCountFromISR
                0x18e07168       0x10 ./FreeRTOS/FreeRTOS/tasks.o
                0x18e07168                xTaskGetTickCountFromISR
 .text.vTaskStepTick
                0x18e07178       0x3c ./FreeRTOS/FreeRTOS/tasks.o
                0x18e07178                vTaskStepTick
 .text.xTaskIncrementTick
                0x18e071b4      0x130 ./FreeRTOS/FreeRTOS/tasks.o
                0x18e071b4                xTaskIncrementTick
 .text.xTaskResumeAll
                0x18e072e4      0x104 ./FreeRTOS/FreeRTOS/tasks.o
                0x18e072e4                xTaskResumeAll
 .text.prvIdleTask
                0x18e073e8       0x74 ./FreeRTOS/FreeRTOS/tasks.o
 .text.vTaskSwitchContext
                0x18e0745c       0xc4 ./FreeRTOS/FreeRTOS/tasks.o
                0x18e0745c                vTaskSwitchContext
 .text.vTaskPlaceOnEventList
                0x18e07520       0x34 ./FreeRTOS/FreeRTOS/tasks.o
                0x18e07520                vTaskPlaceOnEventList
 .text.vTaskPlaceOnEventListRestricted
                0x18e07554       0x3c ./FreeRTOS/FreeRTOS/tasks.o
                0x18e07554                vTaskPlaceOnEventListRestricted
 .text.xTaskRemoveFromEventList
                0x18e07590       0x94 ./FreeRTOS/FreeRTOS/tasks.o
                0x18e07590                xTaskRemoveFromEventList
 .text.vTaskInternalSetTimeOutState
                0x18e07624       0x18 ./FreeRTOS/FreeRTOS/tasks.o
                0x18e07624                vTaskInternalSetTimeOutState
 .text.xTaskCheckForTimeOut
                0x18e0763c       0x88 ./FreeRTOS/FreeRTOS/tasks.o
                0x18e0763c                xTaskCheckForTimeOut
 .text.vTaskMissedYield
                0x18e076c4        0xc ./FreeRTOS/FreeRTOS/tasks.o
                0x18e076c4                vTaskMissedYield
 .text.eTaskConfirmSleepModeStatus
                0x18e076d0       0x48 ./FreeRTOS/FreeRTOS/tasks.o
                0x18e076d0                eTaskConfirmSleepModeStatus
 .text.vTaskGetInfo
                0x18e07718       0x8c ./FreeRTOS/FreeRTOS/tasks.o
                0x18e07718                vTaskGetInfo
 .text.prvListTasksWithinSingleList
                0x18e077a4       0x5e ./FreeRTOS/FreeRTOS/tasks.o
 *fill*         0x18e07802        0x2 
 .text.uxTaskGetSystemState
                0x18e07804       0xa4 ./FreeRTOS/FreeRTOS/tasks.o
                0x18e07804                uxTaskGetSystemState
 .text.xTaskGetCurrentTaskHandle
                0x18e078a8        0xc ./FreeRTOS/FreeRTOS/tasks.o
                0x18e078a8                xTaskGetCurrentTaskHandle
 .text.xTaskGetSchedulerState
                0x18e078b4       0x20 ./FreeRTOS/FreeRTOS/tasks.o
                0x18e078b4                xTaskGetSchedulerState
 .text.xTaskPriorityInherit
                0x18e078d4       0x98 ./FreeRTOS/FreeRTOS/tasks.o
                0x18e078d4                xTaskPriorityInherit
 .text.xTaskPriorityDisinherit
                0x18e0796c       0x94 ./FreeRTOS/FreeRTOS/tasks.o
                0x18e0796c                xTaskPriorityDisinherit
 .text.vTaskPriorityDisinheritAfterTimeout
                0x18e07a00       0xa4 ./FreeRTOS/FreeRTOS/tasks.o
                0x18e07a00                vTaskPriorityDisinheritAfterTimeout
 .text.vTaskList
                0x18e07aa4      0x108 ./FreeRTOS/FreeRTOS/tasks.o
                0x18e07aa4                vTaskList
 .text.pvTaskIncrementMutexHeldCount
                0x18e07bac       0x1c ./FreeRTOS/FreeRTOS/tasks.o
                0x18e07bac                pvTaskIncrementMutexHeldCount
 .text.xTaskGenericNotifyWait
                0x18e07bc8       0xd4 ./FreeRTOS/FreeRTOS/tasks.o
                0x18e07bc8                xTaskGenericNotifyWait
 .text.xTaskGenericNotify
                0x18e07c9c      0x14c ./FreeRTOS/FreeRTOS/tasks.o
                0x18e07c9c                xTaskGenericNotify
 .text.xTaskGenericNotifyFromISR
                0x18e07de8      0x180 ./FreeRTOS/FreeRTOS/tasks.o
                0x18e07de8                xTaskGenericNotifyFromISR
 .text.prvGetNextExpireTime
                0x18e07f68       0x20 ./FreeRTOS/FreeRTOS/timers.o
 .text.prvInsertTimerInActiveList
                0x18e07f88       0x48 ./FreeRTOS/FreeRTOS/timers.o
 .text.prvCheckForValidListAndQueue
                0x18e07fd0       0x70 ./FreeRTOS/FreeRTOS/timers.o
 .text.prvInitialiseNewTimer
                0x18e08040       0x50 ./FreeRTOS/FreeRTOS/timers.o
 .text.xTimerCreateTimerTask
                0x18e08090       0x68 ./FreeRTOS/FreeRTOS/timers.o
                0x18e08090                xTimerCreateTimerTask
 .text.xTimerCreate
                0x18e080f8       0x38 ./FreeRTOS/FreeRTOS/timers.o
                0x18e080f8                xTimerCreate
 .text.xTimerCreateStatic
                0x18e08130       0x54 ./FreeRTOS/FreeRTOS/timers.o
                0x18e08130                xTimerCreateStatic
 .text.xTimerGenericCommand
                0x18e08184       0x70 ./FreeRTOS/FreeRTOS/timers.o
                0x18e08184                xTimerGenericCommand
 .text.prvSwitchTimerLists
                0x18e081f4       0x80 ./FreeRTOS/FreeRTOS/timers.o
 .text.prvSampleTimeNow
                0x18e08274       0x2c ./FreeRTOS/FreeRTOS/timers.o
 .text.prvProcessExpiredTimer
                0x18e082a0       0x70 ./FreeRTOS/FreeRTOS/timers.o
 .text.prvProcessTimerOrBlockTask
                0x18e08310       0x74 ./FreeRTOS/FreeRTOS/timers.o
 .text.prvProcessReceivedCommands
                0x18e08384      0x114 ./FreeRTOS/FreeRTOS/timers.o
 .text.prvTimerTask
                0x18e08498       0x16 ./FreeRTOS/FreeRTOS/timers.o
 *fill*         0x18e084ae        0x2 
 .text.xTimerIsTimerActive
                0x18e084b0       0x38 ./FreeRTOS/FreeRTOS/timers.o
                0x18e084b0                xTimerIsTimerActive
 .text.pvTimerGetTimerID
                0x18e084e8       0x2c ./FreeRTOS/FreeRTOS/timers.o
                0x18e084e8                pvTimerGetTimerID
 .text.DRV_IF_CFG_GetDefConfig
                0x18e08514       0x3c ./Driver/Source/Private/ALT1250/DRV_IF_CFG.o
                0x18e08514                DRV_IF_CFG_GetDefConfig
 .text.DRV_IF_CFG_SetIO
                0x18e08550       0xe0 ./Driver/Source/Private/ALT1250/DRV_IF_CFG.o
                0x18e08550                DRV_IF_CFG_SetIO
 .text.DRV_IOSEL_GetRegisterOffset
                0x18e08630       0x18 ./Driver/Source/Private/ALT1250/DRV_IOSEL.o
                0x18e08630                DRV_IOSEL_GetRegisterOffset
 .text.DRV_IOSEL_PreSleepProcess
                0x18e08648       0x34 ./Driver/Source/Private/ALT1250/DRV_IOSEL.o
                0x18e08648                DRV_IOSEL_PreSleepProcess
 .text.DRV_IOSEL_PostSleepProcess
                0x18e0867c       0x34 ./Driver/Source/Private/ALT1250/DRV_IOSEL.o
                0x18e0867c                DRV_IOSEL_PostSleepProcess
 .text.shadow32ktimer_IRQhandler
                0x18e086b0       0x1c ./Driver/Source/Private/DRV_32KTIMER.o
                0x18e086b0                shadow32ktimer_IRQhandler
 .text.DRV_32KTIMER_Initialize
                0x18e086cc       0x54 ./Driver/Source/Private/DRV_32KTIMER.o
                0x18e086cc                DRV_32KTIMER_Initialize
 .text.DRV_32KTIMER_GetValue
                0x18e08720        0xc ./Driver/Source/Private/DRV_32KTIMER.o
                0x18e08720                DRV_32KTIMER_GetValue
 .text.DRV_32KTIMER_Enable
                0x18e0872c       0x10 ./Driver/Source/Private/DRV_32KTIMER.o
                0x18e0872c                DRV_32KTIMER_Enable
 .text.DRV_32KTIMER_Disable
                0x18e0873c       0x10 ./Driver/Source/Private/DRV_32KTIMER.o
                0x18e0873c                DRV_32KTIMER_Disable
 .text.DRV_32KTIMER_Activate
                0x18e0874c       0x18 ./Driver/Source/Private/DRV_32KTIMER.o
                0x18e0874c                DRV_32KTIMER_Activate
 .text.DRV_32KTIMER_DisableInterrupt
                0x18e08764       0x10 ./Driver/Source/Private/DRV_32KTIMER.o
                0x18e08764                DRV_32KTIMER_DisableInterrupt
 .text.DRV_ATOM_CNTR_ClearIRQ
                0x18e08774       0x1c ./Driver/Source/Private/DRV_ATOMIC_COUNTER.o
 .text.MIPS_alt_insert
                0x18e08790       0x26 ./Driver/Source/Private/DRV_ATOMIC_COUNTER.o
 *fill*         0x18e087b6        0x2 
 .text.DRV_ATOM_CNTR_GetCount
                0x18e087b8       0x14 ./Driver/Source/Private/DRV_ATOMIC_COUNTER.o
                0x18e087b8                DRV_ATOM_CNTR_GetCount
 .text.DRV_ATOM_CNTR_Increment
                0x18e087cc       0x14 ./Driver/Source/Private/DRV_ATOMIC_COUNTER.o
                0x18e087cc                DRV_ATOM_CNTR_Increment
 .text.DRV_ATOM_CNTR_Decrement
                0x18e087e0       0x14 ./Driver/Source/Private/DRV_ATOMIC_COUNTER.o
                0x18e087e0                DRV_ATOM_CNTR_Decrement
 .text.DRV_ATOM_CNTR_EnableIRQ
                0x18e087f4       0x38 ./Driver/Source/Private/DRV_ATOMIC_COUNTER.o
                0x18e087f4                DRV_ATOM_CNTR_EnableIRQ
 .text.DRV_ATOM_CNTR_DisableIRQ
                0x18e0882c       0x38 ./Driver/Source/Private/DRV_ATOMIC_COUNTER.o
                0x18e0882c                DRV_ATOM_CNTR_DisableIRQ
 .text.DRV_ATOM_CNTR_SetIrqMode
                0x18e08864       0x38 ./Driver/Source/Private/DRV_ATOMIC_COUNTER.o
                0x18e08864                DRV_ATOM_CNTR_SetIrqMode
 .text.ATMCTR_MAILBOX_IRQhandler
                0x18e0889c       0x8c ./Driver/Source/Private/DRV_ATOMIC_COUNTER.o
                0x18e0889c                ATMCTR_MAILBOX_IRQhandler
 .text.DRV_ATOM_CNTR_RegisterIRQ
                0x18e08928       0x24 ./Driver/Source/Private/DRV_ATOMIC_COUNTER.o
                0x18e08928                DRV_ATOM_CNTR_RegisterIRQ
 .text.DRV_ATOM_CNTR_InitCounter
                0x18e0894c       0x74 ./Driver/Source/Private/DRV_ATOMIC_COUNTER.o
                0x18e0894c                DRV_ATOM_CNTR_InitCounter
 .text.DRV_ATOM_CNTR_Initialize
                0x18e089c0       0x10 ./Driver/Source/Private/DRV_ATOMIC_COUNTER.o
                0x18e089c0                DRV_ATOM_CNTR_Initialize
 .text.DRV_CLKGATING_Initialize
                0x18e089d0       0xb6 ./Driver/Source/Private/DRV_CLOCK_GATING.o
                0x18e089d0                DRV_CLKGATING_Initialize
 .text.DRV_CLKGATING_EnableClkSource
                0x18e08a86       0xfc ./Driver/Source/Private/DRV_CLOCK_GATING.o
                0x18e08a86                DRV_CLKGATING_EnableClkSource
 *fill*         0x18e08b82        0x2 
 .text.DRV_GPIO_WAKEUP_CheckAvailability
                0x18e08b84       0x48 ./Driver/Source/Private/DRV_GPIO_WAKEUP.o
 .text.DRV_GPIO_WAKEUP_HandleSleepNotify
                0x18e08bcc        0x4 ./Driver/Source/Private/DRV_GPIO_WAKEUP.o
                0x18e08bcc                DRV_GPIO_WAKEUP_HandleSleepNotify
 .text.DRV_GPIO_WAKEUP_DummyInterruptHandler
                0x18e08bd0        0x2 ./Driver/Source/Private/DRV_GPIO_WAKEUP.o
                0x18e08bd0                DRV_GPIO_WAKEUP_DummyInterruptHandler
 *fill*         0x18e08bd2        0x2 
 .text.DRV_GPIO_WAKEUP_GetSetup
                0x18e08bd4      0x160 ./Driver/Source/Private/DRV_GPIO_WAKEUP.o
                0x18e08bd4                DRV_GPIO_WAKEUP_GetSetup
 .text.DRV_GPIO_WAKEUP_Restore
                0x18e08d34       0xb0 ./Driver/Source/Private/DRV_GPIO_WAKEUP.o
                0x18e08d34                DRV_GPIO_WAKEUP_Restore
 .text.DRV_GPIO_WAKEUP_Disable
                0x18e08de4       0x74 ./Driver/Source/Private/DRV_GPIO_WAKEUP.o
                0x18e08de4                DRV_GPIO_WAKEUP_Disable
 .text.DRV_GPIO_WAKEUP_Enable
                0x18e08e58       0x78 ./Driver/Source/Private/DRV_GPIO_WAKEUP.o
                0x18e08e58                DRV_GPIO_WAKEUP_Enable
 .text.DRV_GPIO_WAKEUP_SetPolarity
                0x18e08ed0       0xb8 ./Driver/Source/Private/DRV_GPIO_WAKEUP.o
                0x18e08ed0                DRV_GPIO_WAKEUP_SetPolarity
 .text.DRV_GPIO_WAKEUP_SelectClock
                0x18e08f88       0xb4 ./Driver/Source/Private/DRV_GPIO_WAKEUP.o
                0x18e08f88                DRV_GPIO_WAKEUP_SelectClock
 .text.DRV_GPIO_WAKEUP_EnableDebounce
                0x18e0903c       0x7c ./Driver/Source/Private/DRV_GPIO_WAKEUP.o
                0x18e0903c                DRV_GPIO_WAKEUP_EnableDebounce
 .text.DRV_GPIO_WAKEUP_DisableDebounce
                0x18e090b8       0x7c ./Driver/Source/Private/DRV_GPIO_WAKEUP.o
                0x18e090b8                DRV_GPIO_WAKEUP_DisableDebounce
 .text.DRV_GPIO_WAKEUP_SetDebounceValue
                0x18e09134       0x84 ./Driver/Source/Private/DRV_GPIO_WAKEUP.o
                0x18e09134                DRV_GPIO_WAKEUP_SetDebounceValue
 .text.DRV_GPIO_WAKEUP_EnableInterrupt
                0x18e091b8       0xc0 ./Driver/Source/Private/DRV_GPIO_WAKEUP.o
                0x18e091b8                DRV_GPIO_WAKEUP_EnableInterrupt
 .text.DRV_GPIO_WAKEUP_DisableInterrupt
                0x18e09278      0x134 ./Driver/Source/Private/DRV_GPIO_WAKEUP.o
                0x18e09278                DRV_GPIO_WAKEUP_DisableInterrupt
 .text.DRV_GPIO_WAKEUP_AddIO
                0x18e093ac       0xf8 ./Driver/Source/Private/DRV_GPIO_WAKEUP.o
                0x18e093ac                DRV_GPIO_WAKEUP_AddIO
 .text.DRV_GPIO_WAKEUP_ClearInterrupts
                0x18e094a4       0x80 ./Driver/Source/Private/DRV_GPIO_WAKEUP.o
                0x18e094a4                DRV_GPIO_WAKEUP_ClearInterrupts
 .text.DRV_GPIO_WAKEUP_Initialize
                0x18e09524       0x6c ./Driver/Source/Private/DRV_GPIO_WAKEUP.o
                0x18e09524                DRV_GPIO_WAKEUP_Initialize
 .text.gpio_wakeup_IRQHandler
                0x18e09590       0xc0 ./Driver/Source/Private/DRV_GPIO_WAKEUP.o
                0x18e09590                gpio_wakeup_IRQHandler
 .text.DRV_GPIO_WAKEUP_ValidateUsingPin
                0x18e09650       0x40 ./Driver/Source/Private/DRV_GPIO_WAKEUP.o
                0x18e09650                DRV_GPIO_WAKEUP_ValidateUsingPin
 .text.DRV_PMP_AGENT_Send
                0x18e09690       0x78 ./Driver/Source/Private/DRV_PMP_AGENT.o
                0x18e09690                DRV_PMP_AGENT_Send
 .text.DRV_PMP_AGENT_GetWakeInfo
                0x18e09708       0x18 ./Driver/Source/Private/DRV_PMP_AGENT.o
                0x18e09708                DRV_PMP_AGENT_GetWakeInfo
 .text.DRV_PMP_AGENT_HandleMessage
                0x18e09720       0x58 ./Driver/Source/Private/DRV_PMP_AGENT.o
                0x18e09720                DRV_PMP_AGENT_HandleMessage
 .text.DRV_PMP_AGENT_HandleIRQ
                0x18e09778       0x28 ./Driver/Source/Private/DRV_PMP_AGENT.o
                0x18e09778                DRV_PMP_AGENT_HandleIRQ
 .text.DRV_PMP_AGENT_SendMessage
                0x18e097a0       0x24 ./Driver/Source/Private/DRV_PMP_AGENT.o
                0x18e097a0                DRV_PMP_AGENT_SendMessage
 .text.DRV_PMP_AGENT_SendMessageByIdleTask
                0x18e097c4        0x8 ./Driver/Source/Private/DRV_PMP_AGENT.o
                0x18e097c4                DRV_PMP_AGENT_SendMessageByIdleTask
 .text.DRV_PMP_AGENT_ReInitialize
                0x18e097cc       0x34 ./Driver/Source/Private/DRV_PMP_AGENT.o
                0x18e097cc                DRV_PMP_AGENT_ReInitialize
 .text.DRV_PMP_AGENT_Initialize
                0x18e09800       0x38 ./Driver/Source/Private/DRV_PMP_AGENT.o
                0x18e09800                DRV_PMP_AGENT_Initialize
 .text.DRV_PMP_AGENT_GetSharedInfo
                0x18e09838       0x28 ./Driver/Source/Private/DRV_PMP_AGENT.o
                0x18e09838                DRV_PMP_AGENT_GetSharedInfo
 .text.drv_sleep_notify_add_node
                0x18e09860       0x2a ./Driver/Source/Private/DRV_SLEEP.o
                0x18e09860                drv_sleep_notify_add_node
 *fill*         0x18e0988a        0x2 
 .text.drv_sleep_notify_remove_node
                0x18e0988c       0x48 ./Driver/Source/Private/DRV_SLEEP.o
                0x18e0988c                drv_sleep_notify_remove_node
 .text.DRV_SLEEP_Initialize
                0x18e098d4       0x24 ./Driver/Source/Private/DRV_SLEEP.o
                0x18e098d4                DRV_SLEEP_Initialize
 .text.DRV_SLEEP_RegNotification
                0x18e098f8       0xac ./Driver/Source/Private/DRV_SLEEP.o
                0x18e098f8                DRV_SLEEP_RegNotification
 .text.DRV_SLEEP_UnRegNotification
                0x18e099a4       0x8c ./Driver/Source/Private/DRV_SLEEP.o
                0x18e099a4                DRV_SLEEP_UnRegNotification
 .text.DRV_SLEEP_NOTIFY
                0x18e09a30       0x38 ./Driver/Source/Private/DRV_SLEEP.o
                0x18e09a30                DRV_SLEEP_NOTIFY
 .text.adc_digital_2mv
                0x18e09a68       0x10 ./Driver/Source/DRV_AUXADC.o
 .text.DRV_AUXADC_IrqHandler
                0x18e09a78       0x64 ./Driver/Source/DRV_AUXADC.o
 .text.auxdac0_handler
                0x18e09adc        0xa ./Driver/Source/DRV_AUXADC.o
                0x18e09adc                auxdac0_handler
 .text.auxdac1_handler
                0x18e09ae6        0xa ./Driver/Source/DRV_AUXADC.o
                0x18e09ae6                auxdac1_handler
 .text.auxdac2_handler
                0x18e09af0        0xa ./Driver/Source/DRV_AUXADC.o
                0x18e09af0                auxdac2_handler
 .text.auxdac3_handler
                0x18e09afa        0xa ./Driver/Source/DRV_AUXADC.o
                0x18e09afa                auxdac3_handler
 .text.CC_PWM0_IRQHandler
                0x18e09b04       0x2c ./Driver/Source/DRV_CCM.o
                0x18e09b04                CC_PWM0_IRQHandler
 .text.CC_PWM1_IRQHandler
                0x18e09b30       0x2c ./Driver/Source/DRV_CCM.o
                0x18e09b30                CC_PWM1_IRQHandler
 .text.validate_addr_range
                0x18e09b5c       0x4c ./Driver/Source/DRV_FLASH.o
 .text.sf_delay
                0x18e09ba8       0x3c ./Driver/Source/DRV_FLASH.o
 .text.sf_memcmp
                0x18e09be4       0x22 ./Driver/Source/DRV_FLASH.o
 .text.sf_memcpy
                0x18e09c06       0x32 ./Driver/Source/DRV_FLASH.o
 .text.serial_flash_wait_device_not_busy
                0x18e09c38       0x3c ./Driver/Source/DRV_FLASH.o
 .text.serial_flash_verify_buffer
                0x18e09c74       0x48 ./Driver/Source/DRV_FLASH.o
 .text.serial_flash_write_page
                0x18e09cbc       0xe8 ./Driver/Source/DRV_FLASH.o
 .text.serial_flash_do_blank_check
                0x18e09da4       0x2a ./Driver/Source/DRV_FLASH.o
 *fill*         0x18e09dce        0x2 
 .text.DRV_FLASH_Erase_Sector
                0x18e09dd0       0xa8 ./Driver/Source/DRV_FLASH.o
                0x18e09dd0                DRV_FLASH_Erase_Sector
 .text.DRV_FLASH_Write
                0x18e09e78       0xb4 ./Driver/Source/DRV_FLASH.o
                0x18e09e78                DRV_FLASH_Write
 .text.DRV_FLASH_Read
                0x18e09f2c       0x40 ./Driver/Source/DRV_FLASH.o
                0x18e09f2c                DRV_FLASH_Read
 .text.DRV_GDMA_IrqHandler
                0x18e09f6c       0x64 ./Driver/Source/DRV_GDMA.o
                0x18e09f6c                DRV_GDMA_IrqHandler
 .text.gdma_channel_0_handler
                0x18e09fd0        0xa ./Driver/Source/DRV_GDMA.o
                0x18e09fd0                gdma_channel_0_handler
 .text.gdma_channel_1_handler
                0x18e09fda        0xa ./Driver/Source/DRV_GDMA.o
                0x18e09fda                gdma_channel_1_handler
 .text.gdma_channel_2_handler
                0x18e09fe4        0xa ./Driver/Source/DRV_GDMA.o
                0x18e09fe4                gdma_channel_2_handler
 .text.gdma_channel_3_handler
                0x18e09fee        0xa ./Driver/Source/DRV_GDMA.o
                0x18e09fee                gdma_channel_3_handler
 .text.gdma_channel_4_handler
                0x18e09ff8        0xa ./Driver/Source/DRV_GDMA.o
                0x18e09ff8                gdma_channel_4_handler
 .text.gdma_channel_5_handler
                0x18e0a002        0xa ./Driver/Source/DRV_GDMA.o
                0x18e0a002                gdma_channel_5_handler
 .text.gdma_channel_6_handler
                0x18e0a00c        0xa ./Driver/Source/DRV_GDMA.o
                0x18e0a00c                gdma_channel_6_handler
 .text.gdma_channel_7_handler
                0x18e0a016        0xa ./Driver/Source/DRV_GDMA.o
                0x18e0a016                gdma_channel_7_handler
 .text.DRV_GPIOCTL_IrqHandler
                0x18e0a020       0x68 ./Driver/Source/DRV_GPIO.o
 .text.gpio_0_handler
                0x18e0a088        0xa ./Driver/Source/DRV_GPIO.o
                0x18e0a088                gpio_0_handler
 .text.gpio_1_handler
                0x18e0a092        0xa ./Driver/Source/DRV_GPIO.o
                0x18e0a092                gpio_1_handler
 .text.gpio_2_handler
                0x18e0a09c        0xa ./Driver/Source/DRV_GPIO.o
                0x18e0a09c                gpio_2_handler
 .text.gpio_3_handler
                0x18e0a0a6        0xa ./Driver/Source/DRV_GPIO.o
                0x18e0a0a6                gpio_3_handler
 .text.gpio_4_handler
                0x18e0a0b0        0xa ./Driver/Source/DRV_GPIO.o
                0x18e0a0b0                gpio_4_handler
 .text.gpio_5_handler
                0x18e0a0ba        0xa ./Driver/Source/DRV_GPIO.o
                0x18e0a0ba                gpio_5_handler
 .text.gpio_6_handler
                0x18e0a0c4        0xa ./Driver/Source/DRV_GPIO.o
                0x18e0a0c4                gpio_6_handler
 .text.gpio_7_handler
                0x18e0a0ce        0xa ./Driver/Source/DRV_GPIO.o
                0x18e0a0ce                gpio_7_handler
 .text.gpio_8_handler
                0x18e0a0d8        0xa ./Driver/Source/DRV_GPIO.o
                0x18e0a0d8                gpio_8_handler
 .text.gpio_9_handler
                0x18e0a0e2        0xa ./Driver/Source/DRV_GPIO.o
                0x18e0a0e2                gpio_9_handler
 .text.DRV_GPIO_GetValue
                0x18e0a0ec       0x88 ./Driver/Source/DRV_GPIO.o
                0x18e0a0ec                DRV_GPIO_GetValue
 .text.DRV_GPIO_SetDirection
                0x18e0a174       0xb4 ./Driver/Source/DRV_GPIO.o
                0x18e0a174                DRV_GPIO_SetDirection
 .text.DRV_GPTIMER_IrqHandler
                0x18e0a228       0x34 ./Driver/Source/DRV_GPTIMER.o
 .text.GP_Timer_0_IRQHandler
                0x18e0a25c        0xa ./Driver/Source/DRV_GPTIMER.o
                0x18e0a25c                GP_Timer_0_IRQHandler
 .text.GP_Timer_1_IRQHandler
                0x18e0a266        0xa ./Driver/Source/DRV_GPTIMER.o
                0x18e0a266                GP_Timer_1_IRQHandler
 .text.DRV_I2C_GetPeripheral
                0x18e0a270       0x1c ./Driver/Source/DRV_I2C.o
 .text.DRV_I2C_InitMainCtrl
                0x18e0a28c       0x20 ./Driver/Source/DRV_I2C.o
 .text.DRV_I2C_WriteCmdFifo
                0x18e0a2ac       0x66 ./Driver/Source/DRV_I2C.o
 .text.DRV_I2C_ReadDataFifo
                0x18e0a312       0x3c ./Driver/Source/DRV_I2C.o
 .text.DRV_I2C_SetPeripheralIrq
                0x18e0a34e       0x1a ./Driver/Source/DRV_I2C.o
 .text.DRV_I2C_ResetPeripheral
                0x18e0a368        0xc ./Driver/Source/DRV_I2C.o
 .text.DRV_I2C_ClearFifo
                0x18e0a374       0x20 ./Driver/Source/DRV_I2C.o
 .text.DRV_I2C_DoneEventHandler
                0x18e0a394      0x16c ./Driver/Source/DRV_I2C.o
 .text.DRV_I2C_NackEventHandler
                0x18e0a500       0x52 ./Driver/Source/DRV_I2C.o
 .text.DRV_I2C_IrqHandler
                0x18e0a552       0x42 ./Driver/Source/DRV_I2C.o
 .text.DRV_I2C_CalculateSlaveParam
                0x18e0a594       0x32 ./Driver/Source/DRV_I2C.o
 .text.i2c0_interrupt_err_handler
                0x18e0a5c6        0xa ./Driver/Source/DRV_I2C.o
                0x18e0a5c6                i2c0_interrupt_err_handler
 .text.i2c0_interrupt_handler
                0x18e0a5d0        0xa ./Driver/Source/DRV_I2C.o
                0x18e0a5d0                i2c0_interrupt_handler
 .text.i2c1_interrupt_err_handler
                0x18e0a5da        0xa ./Driver/Source/DRV_I2C.o
                0x18e0a5da                i2c1_interrupt_err_handler
 .text.i2c1_interrupt_handler
                0x18e0a5e4        0xa ./Driver/Source/DRV_I2C.o
                0x18e0a5e4                i2c1_interrupt_handler
 *fill*         0x18e0a5ee        0x2 
 .text.DRV_I2C_SetSpeed
                0x18e0a5f0       0xcc ./Driver/Source/DRV_I2C.o
                0x18e0a5f0                DRV_I2C_SetSpeed
 .text.DRV_I2C_Initialize
                0x18e0a6bc       0xf0 ./Driver/Source/DRV_I2C.o
                0x18e0a6bc                DRV_I2C_Initialize
 .text.DRV_I2C_MasterTransmit_Nonblock
                0x18e0a7ac       0x76 ./Driver/Source/DRV_I2C.o
                0x18e0a7ac                DRV_I2C_MasterTransmit_Nonblock
 .text.DRV_I2C_MasterReceive_Nonblock
                0x18e0a822       0x76 ./Driver/Source/DRV_I2C.o
                0x18e0a822                DRV_I2C_MasterReceive_Nonblock
 .text.DRV_I2C_MasterTransmit_Block
                0x18e0a898      0x140 ./Driver/Source/DRV_I2C.o
                0x18e0a898                DRV_I2C_MasterTransmit_Block
 .text.DRV_I2C_MasterReceive_Block
                0x18e0a9d8      0x15e ./Driver/Source/DRV_I2C.o
                0x18e0a9d8                DRV_I2C_MasterReceive_Block
 *fill*         0x18e0ab36        0x2 
 .text.DRV_I2C_PowerControl
                0x18e0ab38       0xe4 ./Driver/Source/DRV_I2C.o
                0x18e0ab38                DRV_I2C_PowerControl
 .text.DRV_I2C_HandleSleepNotify
                0x18e0ac1c       0x32 ./Driver/Source/DRV_I2C.o
 .text.DRV_I2C_Uninitialize
                0x18e0ac4e       0x46 ./Driver/Source/DRV_I2C.o
                0x18e0ac4e                DRV_I2C_Uninitialize
 .text.DRV_I2C_GetDataCount
                0x18e0ac94       0x18 ./Driver/Source/DRV_I2C.o
                0x18e0ac94                DRV_I2C_GetDataCount
 .text.DRV_IO_PARK_MarkForPark
                0x18e0acac       0x20 ./Driver/Source/DRV_IO.o
 .text.DRV_IO_PARK_MarkForSkip
                0x18e0accc       0x24 ./Driver/Source/DRV_IO.o
 .text.DRV_IO_PARK_InitParkTable
                0x18e0acf0       0x2c ./Driver/Source/DRV_IO.o
 .text.drv_io_get_skip
                0x18e0ad1c       0x1c ./Driver/Source/DRV_IO.o
 .text.DRV_IO_ValidatePartition
                0x18e0ad38       0x50 ./Driver/Source/DRV_IO.o
                0x18e0ad38                DRV_IO_ValidatePartition
 .text.DRV_IO_SetPull
                0x18e0ad88       0x8c ./Driver/Source/DRV_IO.o
                0x18e0ad88                DRV_IO_SetPull
 .text.DRV_IO_SetMux
                0x18e0ae14       0x3a ./Driver/Source/DRV_IO.o
                0x18e0ae14                DRV_IO_SetMux
 *fill*         0x18e0ae4e        0x2 
 .text.DRV_IO_DeIsolate
                0x18e0ae50      0x15c ./Driver/Source/DRV_IO.o
 .text.DRV_IO_GetMux
                0x18e0afac       0x3c ./Driver/Source/DRV_IO.o
                0x18e0afac                DRV_IO_GetMux
 .text.DRV_IO_SetInputEnable
                0x18e0afe8       0x64 ./Driver/Source/DRV_IO.o
                0x18e0afe8                DRV_IO_SetInputEnable
 .text.DRV_IO_Isolate
                0x18e0b04c      0x108 ./Driver/Source/DRV_IO.o
 .text.DRV_IO_SLEEP_PickIOs
                0x18e0b154       0xa0 ./Driver/Source/DRV_IO.o
                0x18e0b154                DRV_IO_SLEEP_PickIOs
 .text.DRV_IO_PreSleepProcess
                0x18e0b1f4       0x3c ./Driver/Source/DRV_IO.o
                0x18e0b1f4                DRV_IO_PreSleepProcess
 .text.DRV_IO_PostSleepProcess
                0x18e0b230       0x38 ./Driver/Source/DRV_IO.o
                0x18e0b230                DRV_IO_PostSleepProcess
 .text.DRV_IO_SLEEP_Initialize
                0x18e0b268       0x1c ./Driver/Source/DRV_IO.o
                0x18e0b268                DRV_IO_SLEEP_Initialize
 *fill*         0x18e0b284        0xc 
 .text.enter_standby_lower
                0x18e0b290       0x64 ./Driver/Source/DRV_PM.o
 .text.update_wakeup_info
                0x18e0b2f4       0x24 ./Driver/Source/DRV_PM.o
 .text.gpm_boot_probe
                0x18e0b318       0x38 ./Driver/Source/DRV_PM.o
 .text.update_wakeup_cause
                0x18e0b350       0x34 ./Driver/Source/DRV_PM.o
 .text.mark_stateful_sleep
                0x18e0b384       0x24 ./Driver/Source/DRV_PM.o
 .text.send_sleep_request
                0x18e0b3a8       0x50 ./Driver/Source/DRV_PM.o
                0x18e0b3a8                send_sleep_request
 .text.drv_pm_mcu_io_latch
                0x18e0b3f8       0x20 ./Driver/Source/DRV_PM.o
                0x18e0b3f8                drv_pm_mcu_io_latch
 .text.DRV_PM_ClearStatistics
                0x18e0b418        0xc ./Driver/Source/DRV_PM.o
                0x18e0b418                DRV_PM_ClearStatistics
 .text.DRV_PM_GetStatistics
                0x18e0b424       0x24 ./Driver/Source/DRV_PM.o
                0x18e0b424                DRV_PM_GetStatistics
 .text.DRV_PM_EnterStopMode
                0x18e0b448       0x44 ./Driver/Source/DRV_PM.o
                0x18e0b448                DRV_PM_EnterStopMode
 .text.DRV_PM_EnterStandbyMode
                0x18e0b48c       0x30 ./Driver/Source/DRV_PM.o
                0x18e0b48c                DRV_PM_EnterStandbyMode
 .text.DRV_PM_EnterShutdownMode
                0x18e0b4bc       0x20 ./Driver/Source/DRV_PM.o
                0x18e0b4bc                DRV_PM_EnterShutdownMode
 .text.DRV_PM_EnableWakeUpPin
                0x18e0b4dc       0x64 ./Driver/Source/DRV_PM.o
                0x18e0b4dc                DRV_PM_EnableWakeUpPin
 .text.DRV_PM_WAKEUP_IO_Initialize
                0x18e0b540       0x30 ./Driver/Source/DRV_PM.o
 .text.DRV_PM_Initialize
                0x18e0b570       0x6c ./Driver/Source/DRV_PM.o
                0x18e0b570                DRV_PM_Initialize
 .text.DRV_PM_PreSleepProcess
                0x18e0b5dc       0x42 ./Driver/Source/DRV_PM.o
                0x18e0b5dc                DRV_PM_PreSleepProcess
 .text.DRV_PM_PostSleepProcess
                0x18e0b61e       0x3c ./Driver/Source/DRV_PM.o
                0x18e0b61e                DRV_PM_PostSleepProcess
 *fill*         0x18e0b65a        0x2 
 .text.DRV_PM_MaskInterrupts
                0x18e0b65c       0xc0 ./Driver/Source/DRV_PM.o
                0x18e0b65c                DRV_PM_MaskInterrupts
 .text.DRV_PM_RestoreInterrupts
                0x18e0b71c       0x7c ./Driver/Source/DRV_PM.o
                0x18e0b71c                DRV_PM_RestoreInterrupts
 .text.DRV_PM_HandleClockGating
                0x18e0b798       0x28 ./Driver/Source/DRV_PM.o
                0x18e0b798                DRV_PM_HandleClockGating
 .text.DRV_PM_EarlyBootProbe
                0x18e0b7c0       0x2c ./Driver/Source/DRV_PM.o
                0x18e0b7c0                DRV_PM_EarlyBootProbe
 .text.DRV_PM_Resume
                0x18e0b7ec       0x48 ./Driver/Source/DRV_PM.o
                0x18e0b7ec                DRV_PM_Resume
 .text.DRV_PM_EarlyBootTypeProbe
                0x18e0b834       0x26 ./Driver/Source/DRV_PM.o
                0x18e0b834                DRV_PM_EarlyBootTypeProbe
 *fill*         0x18e0b85a        0x2 
 .text.DRV_SPI_GetPeripheral
                0x18e0b85c       0x34 ./Driver/Source/DRV_SPI.o
 .text.DRV_SPIM_IrqHandler
                0x18e0b890      0x144 ./Driver/Source/DRV_SPI.o
 .text.DRV_SPIS_IsrHandler
                0x18e0b9d4       0x3e ./Driver/Source/DRV_SPI.o
                0x18e0b9d4                DRV_SPIS_IsrHandler
 .text.spim0_interrupt_handler
                0x18e0ba12        0xa ./Driver/Source/DRV_SPI.o
                0x18e0ba12                spim0_interrupt_handler
 .text.spim1_interrupt_handler
                0x18e0ba1c        0xa ./Driver/Source/DRV_SPI.o
                0x18e0ba1c                spim1_interrupt_handler
 .text.spis0_interrupt_handler
                0x18e0ba26        0xa ./Driver/Source/DRV_SPI.o
                0x18e0ba26                spis0_interrupt_handler
 .text.DRV_UART_Flush_Fifo
                0x18e0ba30       0x12 ./Driver/Source/DRV_UART.o
 *fill*         0x18e0ba42        0x2 
 .text.DRV_UART_HandleSleepNotify
                0x18e0ba44      0x2f0 ./Driver/Source/DRV_UART.o
                0x18e0ba44                DRV_UART_HandleSleepNotify
 .text.Availble_Byte_In_Ringbuffer
                0x18e0bd34       0x40 ./Driver/Source/DRV_UART.o
 .text.Is_Ringbuffer_Full
                0x18e0bd74       0x18 ./Driver/Source/DRV_UART.o
 .text.DRV_UART_Disable_Interrupt
                0x18e0bd8c       0x34 ./Driver/Source/DRV_UART.o
 .text.DRV_UART_Enable_Interrupt
                0x18e0bdc0       0x34 ./Driver/Source/DRV_UART.o
 .text.DRV_UART_Get_Instance_From_Base
                0x18e0bdf4       0x34 ./Driver/Source/DRV_UART.o
 .text.DRV_UART_Register_Ringbuffer
                0x18e0be28       0x38 ./Driver/Source/DRV_UART.o
 .text.Get_Byte_From_Ringbuffer
                0x18e0be60       0x54 ./Driver/Source/DRV_UART.o
 .text.Get_Bytes_From_Ringbuffer
                0x18e0beb4       0x50 ./Driver/Source/DRV_UART.o
 .text.hifc_request_to_send
                0x18e0bf04       0x22 ./Driver/Source/DRV_UART.o
 *fill*         0x18e0bf26        0x2 
 .text.DRV_UART_IrqHandler
                0x18e0bf28      0x25c ./Driver/Source/DRV_UART.o
 .text.DRV_UART_Get_Handle
                0x18e0c184        0xc ./Driver/Source/DRV_UART.o
                0x18e0c184                DRV_UART_Get_Handle
 .text.hw_uart_interrupt_handler0
                0x18e0c190        0xe ./Driver/Source/DRV_UART.o
                0x18e0c190                hw_uart_interrupt_handler0
 .text.hw_uart_interrupt_handler1
                0x18e0c19e        0xe ./Driver/Source/DRV_UART.o
                0x18e0c19e                hw_uart_interrupt_handler1
 .text.hw_uart_interrupt_handleri0
                0x18e0c1ac        0xe ./Driver/Source/DRV_UART.o
                0x18e0c1ac                hw_uart_interrupt_handleri0
 .text.DRV_UART_Set_Baudrate
                0x18e0c1ba       0x20 ./Driver/Source/DRV_UART.o
                0x18e0c1ba                DRV_UART_Set_Baudrate
 *fill*         0x18e0c1da        0x2 
 .text.DRV_UART_Set_Parity
                0x18e0c1dc       0xac ./Driver/Source/DRV_UART.o
                0x18e0c1dc                DRV_UART_Set_Parity
 .text.DRV_UART_Set_Hardware_Flow_Control
                0x18e0c288       0x70 ./Driver/Source/DRV_UART.o
                0x18e0c288                DRV_UART_Set_Hardware_Flow_Control
 .text.DRV_UART_Set_Stopbit
                0x18e0c2f8       0x34 ./Driver/Source/DRV_UART.o
                0x18e0c2f8                DRV_UART_Set_Stopbit
 .text.DRV_UART_Set_Word_length
                0x18e0c32c       0x54 ./Driver/Source/DRV_UART.o
                0x18e0c32c                DRV_UART_Set_Word_length
 .text.DRV_UART_Enable_Fifo
                0x18e0c380       0x1e ./Driver/Source/DRV_UART.o
                0x18e0c380                DRV_UART_Enable_Fifo
 .text.DRV_UART_Disable_Fifo
                0x18e0c39e       0x1a ./Driver/Source/DRV_UART.o
                0x18e0c39e                DRV_UART_Disable_Fifo
 .text.DRV_UART_Enable_Uart
                0x18e0c3b8       0x1a ./Driver/Source/DRV_UART.o
                0x18e0c3b8                DRV_UART_Enable_Uart
 .text.DRV_UART_Disable_Uart
                0x18e0c3d2       0x20 ./Driver/Source/DRV_UART.o
                0x18e0c3d2                DRV_UART_Disable_Uart
 *fill*         0x18e0c3f2        0x2 
 .text.DRV_UART_Get_Received_Rx_Count
                0x18e0c3f4       0x24 ./Driver/Source/DRV_UART.o
                0x18e0c3f4                DRV_UART_Get_Received_Rx_Count
 .text.DRV_UART_Update_Setting
                0x18e0c418       0x78 ./Driver/Source/DRV_UART.o
                0x18e0c418                DRV_UART_Update_Setting
 .text.DRV_UART_Initialize
                0x18e0c490       0x58 ./Driver/Source/DRV_UART.o
                0x18e0c490                DRV_UART_Initialize
 .text.DRV_UART_Create_Handle
                0x18e0c4e8       0x94 ./Driver/Source/DRV_UART.o
                0x18e0c4e8                DRV_UART_Create_Handle
 .text.DRV_UART_Receive_Nonblock
                0x18e0c57c       0x98 ./Driver/Source/DRV_UART.o
                0x18e0c57c                DRV_UART_Receive_Nonblock
 .text.DRV_UART_Send_Block
                0x18e0c614       0x6c ./Driver/Source/DRV_UART.o
                0x18e0c614                DRV_UART_Send_Block
 .text.DRV_UART_Is_Uart_Busy
                0x18e0c680        0x8 ./Driver/Source/DRV_UART.o
                0x18e0c680                DRV_UART_Is_Uart_Busy
 .text.DRV_UART_Get_Statistic
                0x18e0c688       0x54 ./Driver/Source/DRV_UART.o
                0x18e0c688                DRV_UART_Get_Statistic
 .text.MCU_WD0_IRQHandler
                0x18e0c6dc       0x2c ./Driver/Source/DRV_WATCHDOG.o
                0x18e0c6dc                MCU_WD0_IRQHandler
 .text.Default_Handler
                0x18e0c708        0x2 ./Chipset/Source/startup_ALT125x.o
                0x18e0c708                DebugMon_Handler
                0x18e0c708                auxdac6_handler
                0x18e0c708                NMI_Handler
                0x18e0c708                UART1_IRQHandler
                0x18e0c708                auxdac4_handler
                0x18e0c708                FLEXRAY_IRQHandler
                0x18e0c708                UART0_IRQHandler
                0x18e0c708                UsageFault_Handler
                0x18e0c708                MCIB_IRQHandler
                0x18e0c708                auxdac7_handler
                0x18e0c708                AACI_IRQHandler
                0x18e0c708                UARTI_IRQHandler
                0x18e0c708                CAN_IRQHandler
                0x18e0c708                CHLCD_IRQHandler
                0x18e0c708                auxdac5_handler
                0x18e0c708                USBDC_IRQHandler
                0x18e0c708                USBHC_IRQHandler
                0x18e0c708                RTC_IRQHandler
                0x18e0c708                UART2_IRQHandler
                0x18e0c708                UART4_IRQHandler
                0x18e0c708                CLCD_IRQHandler
                0x18e0c708                UARTF_ERR_IRQHandler
                0x18e0c708                TIM0_IRQHandler
                0x18e0c708                MemManage_Handler
                0x18e0c708                WDT_IRQHandler
                0x18e0c708                TIM2_IRQHandler
                0x18e0c708                LIN_IRQHandler
                0x18e0c708                CPU_CLCD_IRQHandler
                0x18e0c708                BusFault_Handler
                0x18e0c708                UART3_IRQHandler
                0x18e0c708                MCIA_IRQHandler
                0x18e0c708                ENET_IRQHandler
 *fill*         0x18e0c70a        0x2 
 .text.SystemInit
                0x18e0c70c       0x64 ./Chipset/Source/system_ALT125x.o
                0x18e0c70c                SystemInit
 .text.SysTick_Handler
                0x18e0c770       0x10 ./CMSIS-FreeRTOS/Source/cmsis_os2.o
                0x18e0c770                SysTick_Handler
 .text.osKernelInitialize
                0x18e0c780       0x58 ./CMSIS-FreeRTOS/Source/cmsis_os2.o
                0x18e0c780                osKernelInitialize
 .text.osKernelGetState
                0x18e0c7d8       0x24 ./CMSIS-FreeRTOS/Source/cmsis_os2.o
                0x18e0c7d8                osKernelGetState
 .text.osKernelStart
                0x18e0c7fc       0x68 ./CMSIS-FreeRTOS/Source/cmsis_os2.o
                0x18e0c7fc                osKernelStart
 .text.osSemaphoreNew
                0x18e0c864       0xea ./CMSIS-FreeRTOS/Source/cmsis_os2.o
                0x18e0c864                osSemaphoreNew
 *fill*         0x18e0c94e        0x2 
 .text.osSemaphoreAcquire
                0x18e0c950       0x98 ./CMSIS-FreeRTOS/Source/cmsis_os2.o
                0x18e0c950                osSemaphoreAcquire
 .text.osSemaphoreRelease
                0x18e0c9e8       0x8c ./CMSIS-FreeRTOS/Source/cmsis_os2.o
                0x18e0c9e8                osSemaphoreRelease
 .text.vApplicationGetIdleTaskMemory
                0x18e0ca74       0x18 ./CMSIS-FreeRTOS/Source/cmsis_os2.o
                0x18e0ca74                vApplicationGetIdleTaskMemory
 .text.vApplicationGetTimerTaskMemory
                0x18e0ca8c       0x18 ./CMSIS-FreeRTOS/Source/cmsis_os2.o
                0x18e0ca8c                vApplicationGetTimerTaskMemory
 .text          0x18e0caa4      0x378 c:/program files (x86)/gnu tools arm embedded/7 2018-q2-update/bin/../lib/gcc/arm-none-eabi/7.3.1/thumb/v7e-m\libgcc.a(_arm_addsubdf3.o)
                0x18e0caa4                __aeabi_drsub
                0x18e0caac                __aeabi_dsub
                0x18e0caac                __subdf3
                0x18e0cab0                __aeabi_dadd
                0x18e0cab0                __adddf3
                0x18e0cd28                __floatunsidf
                0x18e0cd28                __aeabi_ui2d
                0x18e0cd48                __floatsidf
                0x18e0cd48                __aeabi_i2d
                0x18e0cd6c                __aeabi_f2d
                0x18e0cd6c                __extendsfdf2
                0x18e0cdb0                __floatundidf
                0x18e0cdb0                __aeabi_ul2d
                0x18e0cdc0                __floatdidf
                0x18e0cdc0                __aeabi_l2d
 .text          0x18e0ce1c      0x424 c:/program files (x86)/gnu tools arm embedded/7 2018-q2-update/bin/../lib/gcc/arm-none-eabi/7.3.1/thumb/v7e-m\libgcc.a(_arm_muldivdf3.o)
                0x18e0ce1c                __aeabi_dmul
                0x18e0ce1c                __muldf3
                0x18e0d070                __divdf3
                0x18e0d070                __aeabi_ddiv
 .text          0x18e0d240      0x110 c:/program files (x86)/gnu tools arm embedded/7 2018-q2-update/bin/../lib/gcc/arm-none-eabi/7.3.1/thumb/v7e-m\libgcc.a(_arm_cmpdf2.o)
                0x18e0d240                __gtdf2
                0x18e0d240                __gedf2
                0x18e0d248                __ltdf2
                0x18e0d248                __ledf2
                0x18e0d250                __nedf2
                0x18e0d250                __eqdf2
                0x18e0d250                __cmpdf2
                0x18e0d2cc                __aeabi_cdrcmple
                0x18e0d2dc                __aeabi_cdcmpeq
                0x18e0d2dc                __aeabi_cdcmple
                0x18e0d2ec                __aeabi_dcmpeq
                0x18e0d300                __aeabi_dcmplt
                0x18e0d314                __aeabi_dcmple
                0x18e0d328                __aeabi_dcmpge
                0x18e0d33c                __aeabi_dcmpgt
 .text          0x18e0d350       0x50 c:/program files (x86)/gnu tools arm embedded/7 2018-q2-update/bin/../lib/gcc/arm-none-eabi/7.3.1/thumb/v7e-m\libgcc.a(_arm_fixdfsi.o)
                0x18e0d350                __aeabi_d2iz
                0x18e0d350                __fixdfsi
 .text          0x18e0d3a0       0x40 c:/program files (x86)/gnu tools arm embedded/7 2018-q2-update/bin/../lib/gcc/arm-none-eabi/7.3.1/thumb/v7e-m\libgcc.a(_arm_fixunsdfsi.o)
                0x18e0d3a0                __aeabi_d2uiz
                0x18e0d3a0                __fixunsdfsi
 .text          0x18e0d3e0      0x21c c:/program files (x86)/gnu tools arm embedded/7 2018-q2-update/bin/../lib/gcc/arm-none-eabi/7.3.1/thumb/v7e-m\libgcc.a(_arm_addsubsf3.o)
                0x18e0d3e0                __aeabi_frsub
                0x18e0d3e8                __subsf3
                0x18e0d3e8                __aeabi_fsub
                0x18e0d3ec                __aeabi_fadd
                0x18e0d3ec                __addsf3
                0x18e0d54c                __aeabi_ui2f
                0x18e0d54c                __floatunsisf
                0x18e0d554                __aeabi_i2f
                0x18e0d554                __floatsisf
                0x18e0d570                __aeabi_ul2f
                0x18e0d570                __floatundisf
                0x18e0d580                __aeabi_l2f
                0x18e0d580                __floatdisf
 .text          0x18e0d5fc      0x2a0 c:/program files (x86)/gnu tools arm embedded/7 2018-q2-update/bin/../lib/gcc/arm-none-eabi/7.3.1/thumb/v7e-m\libgcc.a(_arm_muldivsf3.o)
                0x18e0d5fc                __mulsf3
                0x18e0d5fc                __aeabi_fmul
                0x18e0d764                __aeabi_fdiv
                0x18e0d764                __divsf3
 .text          0x18e0d89c       0x40 c:/program files (x86)/gnu tools arm embedded/7 2018-q2-update/bin/../lib/gcc/arm-none-eabi/7.3.1/thumb/v7e-m\libgcc.a(_arm_fixunssfsi.o)
                0x18e0d89c                __fixunssfsi
                0x18e0d89c                __aeabi_f2uiz
 .text          0x18e0d8dc       0xa0 c:/program files (x86)/gnu tools arm embedded/7 2018-q2-update/bin/../lib/gcc/arm-none-eabi/7.3.1/thumb/v7e-m\libgcc.a(_aeabi_ldivmod.o)
                0x18e0d8dc                __aeabi_ldivmod
 .text          0x18e0d97c       0x30 c:/program files (x86)/gnu tools arm embedded/7 2018-q2-update/bin/../lib/gcc/arm-none-eabi/7.3.1/thumb/v7e-m\libgcc.a(_aeabi_uldivmod.o)
                0x18e0d97c                __aeabi_uldivmod
 .text          0x18e0d9ac      0x2cc c:/program files (x86)/gnu tools arm embedded/7 2018-q2-update/bin/../lib/gcc/arm-none-eabi/7.3.1/thumb/v7e-m\libgcc.a(_udivmoddi4.o)
                0x18e0d9ac                __udivmoddi4
 .text          0x18e0dc78      0x9ec c:/program files (x86)/gnu tools arm embedded/7 2018-q2-update/bin/../lib/gcc/arm-none-eabi/7.3.1/thumb/v7e-m\libgcc.a(unwind-arm.o)
                0x18e0df2c                _Unwind_GetCFA
                0x18e0df30                __gnu_Unwind_RaiseException
                0x18e0df90                __gnu_Unwind_ForcedUnwind
                0x18e0dfa4                __gnu_Unwind_Resume
                0x18e0dfe8                __gnu_Unwind_Resume_or_Rethrow
                0x18e0dff8                _Unwind_Complete
                0x18e0dffc                _Unwind_DeleteException
                0x18e0e008                _Unwind_VRS_Get
                0x18e0e04c                _Unwind_VRS_Set
                0x18e0e094                __gnu_Unwind_Backtrace
                0x18e0e3d8                __aeabi_unwind_cpp_pr0
                0x18e0e3dc                __aeabi_unwind_cpp_pr1
                0x18e0e3e0                __aeabi_unwind_cpp_pr2
                0x18e0e3e4                _Unwind_VRS_Pop
 .text          0x18e0e664      0x1ac c:/program files (x86)/gnu tools arm embedded/7 2018-q2-update/bin/../lib/gcc/arm-none-eabi/7.3.1/thumb/v7e-m\libgcc.a(libunwind.o)
                0x18e0e664                __restore_core_regs
                0x18e0e664                restore_core_regs
                0x18e0e67c                __gnu_Unwind_Restore_VFP
                0x18e0e684                __gnu_Unwind_Save_VFP
                0x18e0e68c                __gnu_Unwind_Restore_VFP_D
                0x18e0e694                __gnu_Unwind_Save_VFP_D
                0x18e0e69c                __gnu_Unwind_Restore_VFP_D_16_to_31
                0x18e0e6a4                __gnu_Unwind_Save_VFP_D_16_to_31
                0x18e0e6ac                __gnu_Unwind_Restore_WMMXD
                0x18e0e6f0                __gnu_Unwind_Save_WMMXD
                0x18e0e734                __gnu_Unwind_Restore_WMMXC
                0x18e0e748                __gnu_Unwind_Save_WMMXC
                0x18e0e75c                ___Unwind_RaiseException
                0x18e0e75c                _Unwind_RaiseException
                0x18e0e780                _Unwind_Resume
                0x18e0e780                ___Unwind_Resume
                0x18e0e7a4                _Unwind_Resume_or_Rethrow
                0x18e0e7a4                ___Unwind_Resume_or_Rethrow
                0x18e0e7c8                _Unwind_ForcedUnwind
                0x18e0e7c8                ___Unwind_ForcedUnwind
                0x18e0e7ec                ___Unwind_Backtrace
                0x18e0e7ec                _Unwind_Backtrace
 .text          0x18e0e810      0x374 c:/program files (x86)/gnu tools arm embedded/7 2018-q2-update/bin/../lib/gcc/arm-none-eabi/7.3.1/thumb/v7e-m\libgcc.a(pr-support.o)
                0x18e0e868                __gnu_unwind_execute
                0x18e0eb2c                __gnu_unwind_frame
                0x18e0eb54                _Unwind_GetRegionStart
                0x18e0eb60                _Unwind_GetLanguageSpecificData
                0x18e0eb74                _Unwind_GetDataRelBase
                0x18e0eb7c                _Unwind_GetTextRelBase
 .text          0x18e0eb84        0x4 c:/program files (x86)/gnu tools arm embedded/7 2018-q2-update/bin/../lib/gcc/arm-none-eabi/7.3.1/thumb/v7e-m\libgcc.a(_dvmd_tls.o)
                0x18e0eb84                __aeabi_idiv0
                0x18e0eb84                __aeabi_ldiv0
 .text.abort    0x18e0eb88        0xe c:/program files (x86)/gnu tools arm embedded/7 2018-q2-update/bin/../lib/gcc/arm-none-eabi/7.3.1/../../../../arm-none-eabi/lib/thumb/v7e-m\libg_nano.a(lib_a-abort.o)
                0x18e0eb88                abort
 .text.atoi     0x18e0eb96        0x8 c:/program files (x86)/gnu tools arm embedded/7 2018-q2-update/bin/../lib/gcc/arm-none-eabi/7.3.1/../../../../arm-none-eabi/lib/thumb/v7e-m\libg_nano.a(lib_a-atoi.o)
                0x18e0eb96                atoi
 .text.ctime_r  0x18e0eb9e       0x16 c:/program files (x86)/gnu tools arm embedded/7 2018-q2-update/bin/../lib/gcc/arm-none-eabi/7.3.1/../../../../arm-none-eabi/lib/thumb/v7e-m\libg_nano.a(lib_a-ctime_r.o)
                0x18e0eb9e                ctime_r
 .text.localtime_r
                0x18e0ebb4      0x1d8 c:/program files (x86)/gnu tools arm embedded/7 2018-q2-update/bin/../lib/gcc/arm-none-eabi/7.3.1/../../../../arm-none-eabi/lib/thumb/v7e-m\libg_nano.a(lib_a-lcltime_r.o)
                0x18e0ebb4                localtime_r
 .text.malloc   0x18e0ed8c       0x10 c:/program files (x86)/gnu tools arm embedded/7 2018-q2-update/bin/../lib/gcc/arm-none-eabi/7.3.1/../../../../arm-none-eabi/lib/thumb/v7e-m\libg_nano.a(lib_a-malloc.o)
                0x18e0ed8c                malloc
 .text.free     0x18e0ed9c       0x10 c:/program files (x86)/gnu tools arm embedded/7 2018-q2-update/bin/../lib/gcc/arm-none-eabi/7.3.1/../../../../arm-none-eabi/lib/thumb/v7e-m\libg_nano.a(lib_a-malloc.o)
                0x18e0ed9c                free
 .text.memcpy   0x18e0edac       0x16 c:/program files (x86)/gnu tools arm embedded/7 2018-q2-update/bin/../lib/gcc/arm-none-eabi/7.3.1/../../../../arm-none-eabi/lib/thumb/v7e-m\libg_nano.a(lib_a-memcpy-stub.o)
                0x18e0edac                memcpy
 .text.memset   0x18e0edc2       0x10 c:/program files (x86)/gnu tools arm embedded/7 2018-q2-update/bin/../lib/gcc/arm-none-eabi/7.3.1/../../../../arm-none-eabi/lib/thumb/v7e-m\libg_nano.a(lib_a-memset.o)
                0x18e0edc2                memset
 *fill*         0x18e0edd2        0x2 
 .text.mallinfo
                0x18e0edd4       0x14 c:/program files (x86)/gnu tools arm embedded/7 2018-q2-update/bin/../lib/gcc/arm-none-eabi/7.3.1/../../../../arm-none-eabi/lib/thumb/v7e-m\libg_nano.a(lib_a-mstats.o)
                0x18e0edd4                mallinfo
 .text._free_r  0x18e0ede8       0x9c c:/program files (x86)/gnu tools arm embedded/7 2018-q2-update/bin/../lib/gcc/arm-none-eabi/7.3.1/../../../../arm-none-eabi/lib/thumb/v7e-m\libg_nano.a(lib_a-nano-freer.o)
                0x18e0ede8                _free_r
 .text._mallinfo_r
                0x18e0ee84       0x64 c:/program files (x86)/gnu tools arm embedded/7 2018-q2-update/bin/../lib/gcc/arm-none-eabi/7.3.1/../../../../arm-none-eabi/lib/thumb/v7e-m\libg_nano.a(lib_a-nano-mallinfor.o)
                0x18e0ee84                _mallinfo_r
 .text._malloc_r
                0x18e0eee8       0xb4 c:/program files (x86)/gnu tools arm embedded/7 2018-q2-update/bin/../lib/gcc/arm-none-eabi/7.3.1/../../../../arm-none-eabi/lib/thumb/v7e-m\libg_nano.a(lib_a-nano-mallocr.o)
                0x18e0eee8                _malloc_r
 .text.printf   0x18e0ef9c       0x30 c:/program files (x86)/gnu tools arm embedded/7 2018-q2-update/bin/../lib/gcc/arm-none-eabi/7.3.1/../../../../arm-none-eabi/lib/thumb/v7e-m\libg_nano.a(lib_a-printf.o)
                0x18e0ef9c                iprintf
                0x18e0ef9c                printf
 .text.cleanup_glue
                0x18e0efcc       0x1a c:/program files (x86)/gnu tools arm embedded/7 2018-q2-update/bin/../lib/gcc/arm-none-eabi/7.3.1/../../../../arm-none-eabi/lib/thumb/v7e-m\libg_nano.a(lib_a-reent.o)
                0x18e0efcc                cleanup_glue
 *fill*         0x18e0efe6        0x2 
 .text._reclaim_reent
                0x18e0efe8       0xb8 c:/program files (x86)/gnu tools arm embedded/7 2018-q2-update/bin/../lib/gcc/arm-none-eabi/7.3.1/../../../../arm-none-eabi/lib/thumb/v7e-m\libg_nano.a(lib_a-reent.o)
                0x18e0efe8                _reclaim_reent
 .text._raise_r
                0x18e0f0a0       0x50 c:/program files (x86)/gnu tools arm embedded/7 2018-q2-update/bin/../lib/gcc/arm-none-eabi/7.3.1/../../../../arm-none-eabi/lib/thumb/v7e-m\libg_nano.a(lib_a-signal.o)
                0x18e0f0a0                _raise_r
 .text.raise    0x18e0f0f0       0x10 c:/program files (x86)/gnu tools arm embedded/7 2018-q2-update/bin/../lib/gcc/arm-none-eabi/7.3.1/../../../../arm-none-eabi/lib/thumb/v7e-m\libg_nano.a(lib_a-signal.o)
                0x18e0f0f0                raise
 .text._kill_r  0x18e0f100       0x24 c:/program files (x86)/gnu tools arm embedded/7 2018-q2-update/bin/../lib/gcc/arm-none-eabi/7.3.1/../../../../arm-none-eabi/lib/thumb/v7e-m\libg_nano.a(lib_a-signalr.o)
                0x18e0f100                _kill_r
 .text._getpid_r
                0x18e0f124        0x4 c:/program files (x86)/gnu tools arm embedded/7 2018-q2-update/bin/../lib/gcc/arm-none-eabi/7.3.1/../../../../arm-none-eabi/lib/thumb/v7e-m\libg_nano.a(lib_a-signalr.o)
                0x18e0f124                _getpid_r
 .text.sscanf   0x18e0f128       0x54 c:/program files (x86)/gnu tools arm embedded/7 2018-q2-update/bin/../lib/gcc/arm-none-eabi/7.3.1/../../../../arm-none-eabi/lib/thumb/v7e-m\libg_nano.a(lib_a-sscanf.o)
                0x18e0f128                siscanf
                0x18e0f128                sscanf
 .text.__sread  0x18e0f17c       0x22 c:/program files (x86)/gnu tools arm embedded/7 2018-q2-update/bin/../lib/gcc/arm-none-eabi/7.3.1/../../../../arm-none-eabi/lib/thumb/v7e-m\libg_nano.a(lib_a-stdio.o)
                0x18e0f17c                __sread
 .text.__seofread
                0x18e0f19e        0x4 c:/program files (x86)/gnu tools arm embedded/7 2018-q2-update/bin/../lib/gcc/arm-none-eabi/7.3.1/../../../../arm-none-eabi/lib/thumb/v7e-m\libg_nano.a(lib_a-stdio.o)
                0x18e0f19e                __seofread
 .text.__swrite
                0x18e0f1a2       0x38 c:/program files (x86)/gnu tools arm embedded/7 2018-q2-update/bin/../lib/gcc/arm-none-eabi/7.3.1/../../../../arm-none-eabi/lib/thumb/v7e-m\libg_nano.a(lib_a-stdio.o)
                0x18e0f1a2                __swrite
 .text.__sseek  0x18e0f1da       0x24 c:/program files (x86)/gnu tools arm embedded/7 2018-q2-update/bin/../lib/gcc/arm-none-eabi/7.3.1/../../../../arm-none-eabi/lib/thumb/v7e-m\libg_nano.a(lib_a-stdio.o)
                0x18e0f1da                __sseek
 .text.__sclose
                0x18e0f1fe        0x8 c:/program files (x86)/gnu tools arm embedded/7 2018-q2-update/bin/../lib/gcc/arm-none-eabi/7.3.1/../../../../arm-none-eabi/lib/thumb/v7e-m\libg_nano.a(lib_a-stdio.o)
                0x18e0f1fe                __sclose
 .text          0x18e0f206       0x14 c:/program files (x86)/gnu tools arm embedded/7 2018-q2-update/bin/../lib/gcc/arm-none-eabi/7.3.1/../../../../arm-none-eabi/lib/thumb/v7e-m\libg_nano.a(lib_a-strcmp.o)
                0x18e0f206                strcmp
 .text.strcpy   0x18e0f21a       0x10 c:/program files (x86)/gnu tools arm embedded/7 2018-q2-update/bin/../lib/gcc/arm-none-eabi/7.3.1/../../../../arm-none-eabi/lib/thumb/v7e-m\libg_nano.a(lib_a-strcpy.o)